Archive member included to satisfy reference by file (symbol)

c:/program files (x86)/atmel/studio/7.0/toolchain/arm/arm-gnu-toolchain/bin/../lib/gcc/arm-none-eabi/6.3.1/thumb/v6-m\libgcc.a(_udivsi3.o)
                              src/ASF/common2/services/delay/sam0/systick_counter.o (__aeabi_uidiv)
c:/program files (x86)/atmel/studio/7.0/toolchain/arm/arm-gnu-toolchain/bin/../lib/gcc/arm-none-eabi/6.3.1/thumb/v6-m\libgcc.a(_divsi3.o)
                              src/ASF/thirdparty/fatfs/fatfs-r0.09/src/ff.o (__aeabi_idiv)
c:/program files (x86)/atmel/studio/7.0/toolchain/arm/arm-gnu-toolchain/bin/../lib/gcc/arm-none-eabi/6.3.1/thumb/v6-m\libgcc.a(_dvmd_tls.o)
                              c:/program files (x86)/atmel/studio/7.0/toolchain/arm/arm-gnu-toolchain/bin/../lib/gcc/arm-none-eabi/6.3.1/thumb/v6-m\libgcc.a(_udivsi3.o) (__aeabi_idiv0)
c:/program files (x86)/atmel/studio/7.0/toolchain/arm/arm-gnu-toolchain/bin/../lib/gcc/arm-none-eabi/6.3.1/thumb/v6-m\libgcc.a(_muldi3.o)
                              src/ASF/sam0/drivers/sercom/sercom.o (__aeabi_lmul)
c:/program files (x86)/atmel/studio/7.0/toolchain/arm/arm-gnu-toolchain/bin/../lib/gcc/arm-none-eabi/6.3.1/thumb/v6-m\libgcc.a(adddf3.o)
                              src/ASF/sam0/drivers/sercom/i2c/i2c_sam0/i2c_master.o (__aeabi_dadd)
c:/program files (x86)/atmel/studio/7.0/toolchain/arm/arm-gnu-toolchain/bin/../lib/gcc/arm-none-eabi/6.3.1/thumb/v6-m\libgcc.a(divdf3.o)
                              src/ASF/sam0/drivers/sercom/i2c/i2c_sam0/i2c_master.o (__aeabi_ddiv)
c:/program files (x86)/atmel/studio/7.0/toolchain/arm/arm-gnu-toolchain/bin/../lib/gcc/arm-none-eabi/6.3.1/thumb/v6-m\libgcc.a(muldf3.o)
                              src/ASF/sam0/drivers/sercom/i2c/i2c_sam0/i2c_master.o (__aeabi_dmul)
c:/program files (x86)/atmel/studio/7.0/toolchain/arm/arm-gnu-toolchain/bin/../lib/gcc/arm-none-eabi/6.3.1/thumb/v6-m\libgcc.a(subdf3.o)
                              src/ASF/sam0/drivers/sercom/i2c/i2c_sam0/i2c_master.o (__aeabi_dsub)
c:/program files (x86)/atmel/studio/7.0/toolchain/arm/arm-gnu-toolchain/bin/../lib/gcc/arm-none-eabi/6.3.1/thumb/v6-m\libgcc.a(fixdfsi.o)
                              src/ASF/sam0/drivers/sercom/i2c/i2c_sam0/i2c_master.o (__aeabi_d2iz)
c:/program files (x86)/atmel/studio/7.0/toolchain/arm/arm-gnu-toolchain/bin/../lib/gcc/arm-none-eabi/6.3.1/thumb/v6-m\libgcc.a(floatunsidf.o)
                              src/ASF/sam0/drivers/sercom/i2c/i2c_sam0/i2c_master.o (__aeabi_ui2d)
c:/program files (x86)/atmel/studio/7.0/toolchain/arm/arm-gnu-toolchain/bin/../lib/gcc/arm-none-eabi/6.3.1/thumb/v6-m\libgcc.a(_clzsi2.o)
                              c:/program files (x86)/atmel/studio/7.0/toolchain/arm/arm-gnu-toolchain/bin/../lib/gcc/arm-none-eabi/6.3.1/thumb/v6-m\libgcc.a(adddf3.o) (__clzsi2)
c:/program files (x86)/atmel/studio/7.0/toolchain/arm/arm-gnu-toolchain/bin/../lib/gcc/arm-none-eabi/6.3.1/../../../../arm-none-eabi/lib/thumb/v6-m\libc_nano.a(lib_a-exit.o)
                              c:/program files (x86)/atmel/studio/7.0/toolchain/arm/arm-gnu-toolchain/bin/../lib/gcc/arm-none-eabi/6.3.1/../../../../arm-none-eabi/lib/thumb/v6-m/crt0.o (exit)
c:/program files (x86)/atmel/studio/7.0/toolchain/arm/arm-gnu-toolchain/bin/../lib/gcc/arm-none-eabi/6.3.1/../../../../arm-none-eabi/lib/thumb/v6-m\libc_nano.a(lib_a-impure.o)
                              c:/program files (x86)/atmel/studio/7.0/toolchain/arm/arm-gnu-toolchain/bin/../lib/gcc/arm-none-eabi/6.3.1/../../../../arm-none-eabi/lib/thumb/v6-m\libc_nano.a(lib_a-exit.o) (_global_impure_ptr)
c:/program files (x86)/atmel/studio/7.0/toolchain/arm/arm-gnu-toolchain/bin/../lib/gcc/arm-none-eabi/6.3.1/../../../../arm-none-eabi/lib/thumb/v6-m\libc_nano.a(lib_a-init.o)
                              c:/program files (x86)/atmel/studio/7.0/toolchain/arm/arm-gnu-toolchain/bin/../lib/gcc/arm-none-eabi/6.3.1/../../../../arm-none-eabi/lib/thumb/v6-m/crt0.o (__libc_init_array)
c:/program files (x86)/atmel/studio/7.0/toolchain/arm/arm-gnu-toolchain/bin/../lib/gcc/arm-none-eabi/6.3.1/../../../../arm-none-eabi/lib/thumb/v6-m\libc_nano.a(lib_a-malloc.o)
                              src/SerialConsole/circular_buffer.o (malloc)
c:/program files (x86)/atmel/studio/7.0/toolchain/arm/arm-gnu-toolchain/bin/../lib/gcc/arm-none-eabi/6.3.1/../../../../arm-none-eabi/lib/thumb/v6-m\libc_nano.a(lib_a-memcpy-stub.o)
                              src/ASF/thirdparty/fatfs/fatfs-port-r0.09/diskio.o (memcpy)
c:/program files (x86)/atmel/studio/7.0/toolchain/arm/arm-gnu-toolchain/bin/../lib/gcc/arm-none-eabi/6.3.1/../../../../arm-none-eabi/lib/thumb/v6-m\libc_nano.a(lib_a-memset.o)
                              c:/program files (x86)/atmel/studio/7.0/toolchain/arm/arm-gnu-toolchain/bin/../lib/gcc/arm-none-eabi/6.3.1/../../../../arm-none-eabi/lib/thumb/v6-m/crt0.o (memset)
[...]
Memory Configuration

Name             Origin             Length             Attributes
rom              0x00000000         0x00040000         xr
ram              0x20000000         0x00008000         xrw
*default*        0x00000000         0xffffffff

Linker script and memory map

LOAD c:/program files (x86)/atmel/studio/7.0/toolchain/arm/arm-gnu-toolchain/bin/../lib/gcc/arm-none-eabi/6.3.1/thumb/v6-m/crti.o
LOAD c:/program files (x86)/atmel/studio/7.0/toolchain/arm/arm-gnu-toolchain/bin/../lib/gcc/arm-none-eabi/6.3.1/thumb/v6-m/crtbegin.o
LOAD c:/program files (x86)/atmel/studio/7.0/toolchain/arm/arm-gnu-toolchain/bin/../lib/gcc/arm-none-eabi/6.3.1/../../../../arm-none-eabi/lib/thumb/v6-m/crt0.o
LOAD src/ASF/common2/services/delay/sam0/systick_counter.o
LOAD src/Systick/Systick.o
LOAD src/ASF/common/services/crc32/crc32.o
LOAD src/ASF/sam0/boards/board_init.o
LOAD src/ASF/sam0/drivers/dsu/crc32/crc32.o
LOAD src/ASF/sam0/drivers/nvm/nvm.o
LOAD src/ASF/sam0/drivers/pac/pac_sam_d_r_h/pac.o
LOAD src/ASF/sam0/drivers/sercom/i2c/i2c_sam0/i2c_master.o
LOAD src/SD Card/SdCard.o
LOAD src/SerialConsole/circular_buffer.o
LOAD src/SerialConsole/SerialConsole.o
LOAD src/ASF/common2/components/memory/sd_mmc/sd_mmc.o
LOAD src/ASF/common2/components/memory/sd_mmc/sd_mmc_mem.o
LOAD src/ASF/common2/components/memory/sd_mmc/sd_mmc_spi.o
LOAD src/ASF/common/services/storage/ctrl_access/ctrl_access.o
LOAD src/ASF/common/utils/interrupt/interrupt_sam_nvic.o
LOAD src/ASF/sam0/drivers/port/port.o
LOAD src/ASF/sam0/drivers/rtc/rtc_sam_d_r_h/rtc_calendar.o
LOAD src/ASF/sam0/drivers/sercom/sercom.o
LOAD src/ASF/sam0/drivers/sercom/sercom_interrupt.o
LOAD src/ASF/sam0/drivers/sercom/spi/spi.o
LOAD src/ASF/sam0/drivers/sercom/spi/spi_interrupt.o
LOAD src/ASF/sam0/drivers/sercom/usart/usart.o
LOAD src/ASF/sam0/drivers/sercom/usart/usart_interrupt.o
LOAD src/ASF/sam0/drivers/system/clock/clock_samd21_r21_da_ha1/clock.o
LOAD src/ASF/sam0/drivers/system/clock/clock_samd21_r21_da_ha1/gclk.o
LOAD src/ASF/sam0/drivers/system/interrupt/system_interrupt.o
LOAD src/ASF/sam0/drivers/system/pinmux/pinmux.o
LOAD src/ASF/sam0/drivers/system/system.o
LOAD src/ASF/sam0/utils/cmsis/samd21/source/gcc/startup_samd21.o
LOAD src/ASF/sam0/utils/cmsis/samd21/source/system_samd21.o
LOAD src/ASF/sam0/utils/stdio/read.o
LOAD src/ASF/sam0/utils/stdio/write.o
LOAD src/ASF/sam0/utils/syscalls/gcc/syscalls.o
LOAD src/ASF/thirdparty/fatfs/fatfs-port-r0.09/diskio.o
LOAD src/ASF/thirdparty/fatfs/fatfs-port-r0.09/sam0/fattime_rtc.o
LOAD src/ASF/thirdparty/fatfs/fatfs-r0.09/src/ff.o
LOAD src/ASF/thirdparty/fatfs/fatfs-r0.09/src/option/ccsbcs.o
LOAD src/BootMain.o
START GROUP
LOAD ../src/ASF/thirdparty/CMSIS/Lib/GCC\libarm_cortexM0l_math.a
LOAD c:/program files (x86)/atmel/studio/7.0/toolchain/arm/arm-gnu-toolchain/bin/../lib/gcc/arm-none-eabi/6.3.1/../../../../arm-none-eabi/lib/thumb/v6-m\libm.a
END GROUP
                0x00002000                __stack_size__ = 0x2000
START GROUP
LOAD c:/program files (x86)/atmel/studio/7.0/toolchain/arm/arm-gnu-toolchain/bin/../lib/gcc/arm-none-eabi/6.3.1/thumb/v6-m\libgcc.a
LOAD c:/program files (x86)/atmel/studio/7.0/toolchain/arm/arm-gnu-toolchain/bin/../lib/gcc/arm-none-eabi/6.3.1/../../../../arm-none-eabi/lib/thumb/v6-m\libc_nano.a
END GROUP
START GROUP
LOAD c:/program files (x86)/atmel/studio/7.0/toolchain/arm/arm-gnu-toolchain/bin/../lib/gcc/arm-none-eabi/6.3.1/thumb/v6-m\libgcc.a
LOAD c:/program files (x86)/atmel/studio/7.0/toolchain/arm/arm-gnu-toolchain/bin/../lib/gcc/arm-none-eabi/6.3.1/../../../../arm-none-eabi/lib/thumb/v6-m\libc_nano.a
END GROUP
LOAD c:/program files (x86)/atmel/studio/7.0/toolchain/arm/arm-gnu-toolchain/bin/../lib/gcc/arm-none-eabi/6.3.1/thumb/v6-m/crtend.o
LOAD c:/program files (x86)/atmel/studio/7.0/toolchain/arm/arm-gnu-toolchain/bin/../lib/gcc/arm-none-eabi/6.3.1/thumb/v6-m/crtn.o
                0x00002000                STACK_SIZE = DEFINED (STACK_SIZE)?STACK_SIZE:DEFINED (__stack_size__)?__stack_size__:0x2000

.text           0x00000000     0xd46c
                0x00000000                . = ALIGN (0x4)
                0x00000000                _sfixed = .
 *(.vectors .vectors.*)
 .vectors       0x00000000       0xb4 src/ASF/sam0/utils/cmsis/samd21/source/gcc/startup_samd21.o
                0x00000000                exception_table
 *(.text .text.* .gnu.linkonce.t.*)
 .text          0x000000b4       0x60 c:/program files (x86)/atmel/studio/7.0/toolchain/arm/arm-gnu-toolchain/bin/../lib/gcc/arm-none-eabi/6.3.1/thumb/v6-m/crtbegin.o
 .text.delay_cycles
                0x00000114       0x34 src/ASF/common2/services/delay/sam0/systick_counter.o
 .text.delay_init
                0x00000148       0x58 src/ASF/common2/services/delay/sam0/systick_counter.o
                0x00000148                delay_init
 .text.delay_cycles_ms
                0x000001a0       0x30 src/ASF/common2/services/delay/sam0/systick_counter.o
                0x000001a0                delay_cycles_ms
 .text.GetSystick
                0x000001d0       0x14 src/Systick/Systick.o
                0x000001d0                GetSystick
 .text.SysTick_Handler
                0x000001e4       0x18 src/Systick/Systick.o
                0x000001e4                SysTick_Handler
 .text.system_pinmux_get_group_from_gpio_pin
                0x000001fc       0x60 src/ASF/sam0/boards/board_init.o
 .text.port_get_group_from_gpio_pin
                0x0000025c       0x24 src/ASF/sam0/boards/board_init.o
 .text.port_get_config_defaults
                0x00000280       0x22 src/ASF/sam0/boards/board_init.o
 *fill*         0x000002a2        0x2 
 .text.port_pin_set_output_level
                0x000002a4       0x54 src/ASF/sam0/boards/board_init.o
 .text.system_board_init
                0x000002f8       0x50 src/ASF/sam0/boards/board_init.o
                0x000002f8                board_init
                0x000002f8                system_board_init
 .text.system_interrupt_enable_global
                0x00000348       0x1c src/ASF/sam0/drivers/dsu/crc32/crc32.o
 .text.system_interrupt_disable_global
                0x00000364       0x1c src/ASF/sam0/drivers/dsu/crc32/crc32.o
 .text.dsu_crc32_cal
                0x00000380       0xb8 src/ASF/sam0/drivers/dsu/crc32/crc32.o
                0x00000380                dsu_crc32_cal
 .text.nvm_is_ready
                0x00000438       0x28 src/ASF/sam0/drivers/nvm/nvm.o
 .text.system_apb_clock_set_mask
                0x00000460       0x5c src/ASF/sam0/drivers/nvm/nvm.o
 .text.nvm_set_config
                0x000004bc       0xd8 src/ASF/sam0/drivers/nvm/nvm.o
                0x000004bc                nvm_set_config
 .text.nvm_execute_command
                0x00000594      0x118 src/ASF/sam0/drivers/nvm/nvm.o
                0x00000594                nvm_execute_command
 .text.nvm_write_buffer
                0x000006ac      0x14c src/ASF/sam0/drivers/nvm/nvm.o
                0x000006ac                nvm_write_buffer
 .text.nvm_erase_row
                0x000007f8       0xa8 src/ASF/sam0/drivers/nvm/nvm.o
                0x000007f8                nvm_erase_row
 .text.nvm_get_parameters
                0x000008a0       0xbc src/ASF/sam0/drivers/nvm/nvm.o
                0x000008a0                nvm_get_parameters
 .text.system_apb_clock_set_mask
                0x0000095c       0x5c src/ASF/sam0/drivers/pac/pac_sam_d_r_h/pac.o
 .text.system_peripheral_lock
                0x000009b8       0x98 src/ASF/sam0/drivers/pac/pac_sam_d_r_h/pac.o
                0x000009b8                system_peripheral_lock
 .text.system_peripheral_unlock
                0x00000a50       0x98 src/ASF/sam0/drivers/pac/pac_sam_d_r_h/pac.o
                0x00000a50                system_peripheral_unlock
 .text.SdCard_Initiate
                0x00000ae8       0x6c src/SD Card/SdCard.o
                0x00000ae8                SdCard_Initiate
 .text.advance_pointer
                0x00000b54       0x60 src/SerialConsole/circular_buffer.o
 .text.retreat_pointer
                0x00000bb4       0x34 src/SerialConsole/circular_buffer.o
 .text.circular_buf_init
                0x00000be8       0x3c src/SerialConsole/circular_buffer.o
                0x00000be8                circular_buf_init
 .text.circular_buf_reset
                0x00000c24       0x22 src/SerialConsole/circular_buffer.o
                0x00000c24                circular_buf_reset
 *fill*         0x00000c46        0x2 
 .text.circular_buf_put
                0x00000c48       0x34 src/SerialConsole/circular_buffer.o
                0x00000c48                circular_buf_put
 .text.circular_buf_get
                0x00000c7c       0x54 src/SerialConsole/circular_buffer.o
                0x00000c7c                circular_buf_get
 .text.circular_buf_empty
                0x00000cd0       0x38 src/SerialConsole/circular_buffer.o
                0x00000cd0                circular_buf_empty
 .text.system_interrupt_enable
                0x00000d08       0x2c src/SerialConsole/SerialConsole.o
 .text.system_interrupt_disable
                0x00000d34       0x30 src/SerialConsole/SerialConsole.o
 .text.usart_is_syncing
                0x00000d64       0x20 src/SerialConsole/SerialConsole.o
 .text._usart_wait_for_sync
                0x00000d84       0x24 src/SerialConsole/SerialConsole.o
 .text.usart_get_config_defaults
                0x00000da8       0xbe src/SerialConsole/SerialConsole.o
 *fill*         0x00000e66        0x2 
 .text.usart_enable
                0x00000e68       0x48 src/SerialConsole/SerialConsole.o
 .text.usart_disable
                0x00000eb0       0x4c src/SerialConsole/SerialConsole.o
 .text.usart_enable_callback
                0x00000efc       0x36 src/SerialConsole/SerialConsole.o
 *fill*         0x00000f32        0x2 
 .text.usart_serial_putchar
                0x00000f34       0x34 src/SerialConsole/SerialConsole.o
 .text.usart_serial_getchar
                0x00000f68       0x40 src/SerialConsole/SerialConsole.o
 .text.stdio_serial_init
                0x00000fa8       0x60 src/SerialConsole/SerialConsole.o
 .text.InitializeSerialConsole
                0x00001008       0x70 src/SerialConsole/SerialConsole.o
                0x00001008                InitializeSerialConsole
 .text.DeinitializeSerialConsole
                0x00001078       0x1c src/SerialConsole/SerialConsole.o
                0x00001078                DeinitializeSerialConsole
 .text.SerialConsoleWriteString
                0x00001094       0x8c src/SerialConsole/SerialConsole.o
                0x00001094                SerialConsoleWriteString
 .text.LogMessage
                0x00001120       0x1c src/SerialConsole/SerialConsole.o
                0x00001120                LogMessage
 .text.configure_usart
                0x0000113c       0x88 src/SerialConsole/SerialConsole.o
 .text.configure_usart_callbacks
                0x000011c4       0x4c src/SerialConsole/SerialConsole.o
 .text.usart_read_callback
                0x00001210       0x70 src/SerialConsole/SerialConsole.o
                0x00001210                usart_read_callback
 .text.usart_write_callback
                0x00001280       0x44 src/SerialConsole/SerialConsole.o
                0x00001280                usart_write_callback
 .text.SDMMC_UNSTUFF_BITS
                0x000012c4      0x15c src/ASF/common2/components/memory/sd_mmc/sd_mmc.o
 .text.mmc_spi_op_cond
                0x00001420       0xac src/ASF/common2/components/memory/sd_mmc/sd_mmc.o
 .text.sd_spi_op_cond
                0x000014cc       0xe4 src/ASF/common2/components/memory/sd_mmc/sd_mmc.o
 .text.sdio_op_cond
                0x000015b0        0xc src/ASF/common2/components/memory/sd_mmc/sd_mmc.o
 .text.sd_cmd8  0x000015bc       0x70 src/ASF/common2/components/memory/sd_mmc/sd_mmc.o
 .text.mmc_cmd8
                0x0000162c      0x12c src/ASF/common2/components/memory/sd_mmc/sd_mmc.o
 .text.sd_mmc_cmd9_spi
                0x00001758       0x70 src/ASF/common2/components/memory/sd_mmc/sd_mmc.o
 .text.mmc_decode_csd
                0x000017c8      0x130 src/ASF/common2/components/memory/sd_mmc/sd_mmc.o
 .text.sd_decode_csd
                0x000018f8       0xec src/ASF/common2/components/memory/sd_mmc/sd_mmc.o
 .text.sd_mmc_cmd13
                0x000019e4       0x5c src/ASF/common2/components/memory/sd_mmc/sd_mmc.o
 .text.sd_acmd51
                0x00001a40      0x108 src/ASF/common2/components/memory/sd_mmc/sd_mmc.o
 .text.sd_mmc_select_slot
                0x00001b48       0xc4 src/ASF/common2/components/memory/sd_mmc/sd_mmc.o
 .text.sd_mmc_configure_slot
                0x00001c0c       0x38 src/ASF/common2/components/memory/sd_mmc/sd_mmc.o
 .text.sd_mmc_deselect_slot
                0x00001c44       0x24 src/ASF/common2/components/memory/sd_mmc/sd_mmc.o
 .text.sd_mmc_spi_card_init
                0x00001c68      0x1ac src/ASF/common2/components/memory/sd_mmc/sd_mmc.o
 .text.sd_mmc_spi_install_mmc
                0x00001e14      0x100 src/ASF/common2/components/memory/sd_mmc/sd_mmc.o
 .text.sd_mmc_init
                0x00001f14       0x50 src/ASF/common2/components/memory/sd_mmc/sd_mmc.o
                0x00001f14                sd_mmc_init
 .text.sd_mmc_check
                0x00001f64       0x74 src/ASF/common2/components/memory/sd_mmc/sd_mmc.o
                0x00001f64                sd_mmc_check
 .text.sd_mmc_get_type
                0x00001fd8       0x3c src/ASF/common2/components/memory/sd_mmc/sd_mmc.o
                0x00001fd8                sd_mmc_get_type
 .text.sd_mmc_get_capacity
                0x00002014       0x3c src/ASF/common2/components/memory/sd_mmc/sd_mmc.o
                0x00002014                sd_mmc_get_capacity
 .text.sd_mmc_is_write_protected
                0x00002050       0x16 src/ASF/common2/components/memory/sd_mmc/sd_mmc.o
                0x00002050                sd_mmc_is_write_protected
 *fill*         0x00002066        0x2 
 .text.sd_mmc_init_read_blocks
                0x00002068       0xec src/ASF/common2/components/memory/sd_mmc/sd_mmc.o
                0x00002068                sd_mmc_init_read_blocks
 .text.sd_mmc_start_read_blocks
                0x00002154       0x58 src/ASF/common2/components/memory/sd_mmc/sd_mmc.o
                0x00002154                sd_mmc_start_read_blocks
 .text.sd_mmc_wait_end_of_read_blocks
                0x000021ac       0x98 src/ASF/common2/components/memory/sd_mmc/sd_mmc.o
                0x000021ac                sd_mmc_wait_end_of_read_blocks
 .text.sd_mmc_init_write_blocks
                0x00002244       0xe8 src/ASF/common2/components/memory/sd_mmc/sd_mmc.o
                0x00002244                sd_mmc_init_write_blocks
 .text.sd_mmc_start_write_blocks
                0x0000232c       0x58 src/ASF/common2/components/memory/sd_mmc/sd_mmc.o
                0x0000232c                sd_mmc_start_write_blocks
 .text.sd_mmc_wait_end_of_write_blocks
                0x00002384       0x6c src/ASF/common2/components/memory/sd_mmc/sd_mmc.o
                0x00002384                sd_mmc_wait_end_of_write_blocks
 .text.sd_mmc_test_unit_ready
                0x000023f0       0x78 src/ASF/common2/components/memory/sd_mmc/sd_mmc_mem.o
                0x000023f0                sd_mmc_test_unit_ready
 .text.sd_mmc_test_unit_ready_0
                0x00002468       0x18 src/ASF/common2/components/memory/sd_mmc/sd_mmc_mem.o
                0x00002468                sd_mmc_test_unit_ready_0
 .text.sd_mmc_read_capacity
                0x00002480       0x40 src/ASF/common2/components/memory/sd_mmc/sd_mmc_mem.o
                0x00002480                sd_mmc_read_capacity
 .text.sd_mmc_read_capacity_0
                0x000024c0       0x20 src/ASF/common2/components/memory/sd_mmc/sd_mmc_mem.o
                0x000024c0                sd_mmc_read_capacity_0
 .text.sd_mmc_unload
                0x000024e0       0x2c src/ASF/common2/components/memory/sd_mmc/sd_mmc_mem.o
                0x000024e0                sd_mmc_unload
 .text.sd_mmc_unload_0
                0x0000250c       0x28 src/ASF/common2/components/memory/sd_mmc/sd_mmc_mem.o
                0x0000250c                sd_mmc_unload_0
 .text.sd_mmc_wr_protect
                0x00002534       0x24 src/ASF/common2/components/memory/sd_mmc/sd_mmc_mem.o
                0x00002534                sd_mmc_wr_protect
 .text.sd_mmc_wr_protect_0
                0x00002558       0x18 src/ASF/common2/components/memory/sd_mmc/sd_mmc_mem.o
                0x00002558                sd_mmc_wr_protect_0
 .text.sd_mmc_removal
                0x00002570       0x16 src/ASF/common2/components/memory/sd_mmc/sd_mmc_mem.o
                0x00002570                sd_mmc_removal
 *fill*         0x00002586        0x2 
 .text.sd_mmc_removal_0
                0x00002588       0x18 src/ASF/common2/components/memory/sd_mmc/sd_mmc_mem.o
                0x00002588                sd_mmc_removal_0
 .text.sd_mmc_mem_2_ram
                0x000025a0       0x6c src/ASF/common2/components/memory/sd_mmc/sd_mmc_mem.o
                0x000025a0                sd_mmc_mem_2_ram
 .text.sd_mmc_mem_2_ram_0
                0x0000260c       0x24 src/ASF/common2/components/memory/sd_mmc/sd_mmc_mem.o
                0x0000260c                sd_mmc_mem_2_ram_0
 .text.sd_mmc_ram_2_mem
                0x00002630       0x6c src/ASF/common2/components/memory/sd_mmc/sd_mmc_mem.o
                0x00002630                sd_mmc_ram_2_mem
 .text.sd_mmc_ram_2_mem_0
                0x0000269c       0x24 src/ASF/common2/components/memory/sd_mmc/sd_mmc_mem.o
                0x0000269c                sd_mmc_ram_2_mem_0
 .text.system_pinmux_get_group_from_gpio_pin
                0x000026c0       0x60 src/ASF/common2/components/memory/sd_mmc/sd_mmc_spi.o
 .text.port_get_group_from_gpio_pin
                0x00002720       0x24 src/ASF/common2/components/memory/sd_mmc/sd_mmc_spi.o
 .text.port_get_config_defaults
                0x00002744       0x22 src/ASF/common2/components/memory/sd_mmc/sd_mmc_spi.o
 *fill*         0x00002766        0x2 
 .text.port_pin_set_output_level
                0x00002768       0x54 src/ASF/common2/components/memory/sd_mmc/sd_mmc_spi.o
 .text.system_interrupt_enable
                0x000027bc       0x2c src/ASF/common2/components/memory/sd_mmc/sd_mmc_spi.o
 .text.spi_is_syncing
                0x000027e8       0x20 src/ASF/common2/components/memory/sd_mmc/sd_mmc_spi.o
 .text.spi_get_config_defaults
                0x00002808       0x84 src/ASF/common2/components/memory/sd_mmc/sd_mmc_spi.o
 .text.spi_slave_inst_get_config_defaults
                0x0000288c       0x22 src/ASF/common2/components/memory/sd_mmc/sd_mmc_spi.o
 *fill*         0x000028ae        0x2 
 .text.spi_attach_slave
                0x000028b0       0x64 src/ASF/common2/components/memory/sd_mmc/sd_mmc_spi.o
 .text.spi_enable
                0x00002914       0x50 src/ASF/common2/components/memory/sd_mmc/sd_mmc_spi.o
 .text.sd_mmc_spi_crc7
                0x00002964       0xbc src/ASF/common2/components/memory/sd_mmc/sd_mmc_spi.o
 .text.sd_mmc_spi_wait_busy
                0x00002a20       0x6c src/ASF/common2/components/memory/sd_mmc/sd_mmc_spi.o
 .text.sd_mmc_spi_start_read_block
                0x00002a8c       0x84 src/ASF/common2/components/memory/sd_mmc/sd_mmc_spi.o
 .text.sd_mmc_spi_stop_read_block
                0x00002b10       0x2c src/ASF/common2/components/memory/sd_mmc/sd_mmc_spi.o
 .text.sd_mmc_spi_start_write_block
                0x00002b3c       0x50 src/ASF/common2/components/memory/sd_mmc/sd_mmc_spi.o
 .text.sd_mmc_spi_stop_write_block
                0x00002b8c       0x94 src/ASF/common2/components/memory/sd_mmc/sd_mmc_spi.o
 .text.sd_mmc_spi_stop_multiwrite_block
                0x00002c20       0x9c src/ASF/common2/components/memory/sd_mmc/sd_mmc_spi.o
 .text.sd_mmc_deinit
                0x00002cbc       0x1c src/ASF/common2/components/memory/sd_mmc/sd_mmc_spi.o
                0x00002cbc                sd_mmc_deinit
 .text.sd_mmc_spi_init
                0x00002cd8       0xc8 src/ASF/common2/components/memory/sd_mmc/sd_mmc_spi.o
                0x00002cd8                sd_mmc_spi_init
 .text.sd_mmc_spi_select_device
                0x00002da0       0x88 src/ASF/common2/components/memory/sd_mmc/sd_mmc_spi.o
                0x00002da0                sd_mmc_spi_select_device
 .text.sd_mmc_spi_deselect_device
                0x00002e28       0x44 src/ASF/common2/components/memory/sd_mmc/sd_mmc_spi.o
                0x00002e28                sd_mmc_spi_deselect_device
 .text.sd_mmc_spi_send_clock
                0x00002e6c       0x4c src/ASF/common2/components/memory/sd_mmc/sd_mmc_spi.o
                0x00002e6c                sd_mmc_spi_send_clock
 .text.sd_mmc_spi_send_cmd
                0x00002eb8       0x28 src/ASF/common2/components/memory/sd_mmc/sd_mmc_spi.o
                0x00002eb8                sd_mmc_spi_send_cmd
 .text.sd_mmc_spi_adtc_start
                0x00002ee0      0x218 src/ASF/common2/components/memory/sd_mmc/sd_mmc_spi.o
                0x00002ee0                sd_mmc_spi_adtc_start
 .text.sd_mmc_spi_get_response
                0x000030f8       0x14 src/ASF/common2/components/memory/sd_mmc/sd_mmc_spi.o
                0x000030f8                sd_mmc_spi_get_response
 .text.sd_mmc_spi_read_word
                0x0000310c       0xa4 src/ASF/common2/components/memory/sd_mmc/sd_mmc_spi.o
                0x0000310c                sd_mmc_spi_read_word
 .text.sd_mmc_spi_start_read_blocks
                0x000031b0       0xa4 src/ASF/common2/components/memory/sd_mmc/sd_mmc_spi.o
                0x000031b0                sd_mmc_spi_start_read_blocks
 .text.sd_mmc_spi_wait_end_of_read_blocks
                0x00003254        0xc src/ASF/common2/components/memory/sd_mmc/sd_mmc_spi.o
                0x00003254                sd_mmc_spi_wait_end_of_read_blocks
 .text.sd_mmc_spi_start_write_blocks
                0x00003260       0xc0 src/ASF/common2/components/memory/sd_mmc/sd_mmc_spi.o
                0x00003260                sd_mmc_spi_start_write_blocks
 .text.sd_mmc_spi_wait_end_of_write_blocks
                0x00003320       0x38 src/ASF/common2/components/memory/sd_mmc/sd_mmc_spi.o
                0x00003320                sd_mmc_spi_wait_end_of_write_blocks
 .text.mem_test_unit_ready
                0x00003358       0x40 src/ASF/common/services/storage/ctrl_access/ctrl_access.o
                0x00003358                mem_test_unit_ready
 .text.mem_read_capacity
                0x00003398       0x4c src/ASF/common/services/storage/ctrl_access/ctrl_access.o
                0x00003398                mem_read_capacity
 .text.mem_sector_size
                0x000033e4       0x2a src/ASF/common/services/storage/ctrl_access/ctrl_access.o
                0x000033e4                mem_sector_size
 *fill*         0x0000340e        0x2 
 .text.mem_wr_protect
                0x00003410       0x48 src/ASF/common/services/storage/ctrl_access/ctrl_access.o
                0x00003410                mem_wr_protect
 .text.memory_2_ram
                0x00003458       0x54 src/ASF/common/services/storage/ctrl_access/ctrl_access.o
                0x00003458                memory_2_ram
 .text.ram_2_memory
                0x000034ac       0x54 src/ASF/common/services/storage/ctrl_access/ctrl_access.o
                0x000034ac                ram_2_memory
 .text.cpu_irq_enter_critical
                0x00003500       0x54 src/ASF/common/utils/interrupt/interrupt_sam_nvic.o
                0x00003500                cpu_irq_enter_critical
 .text.cpu_irq_leave_critical
                0x00003554       0x40 src/ASF/common/utils/interrupt/interrupt_sam_nvic.o
                0x00003554                cpu_irq_leave_critical
 .text.system_pinmux_get_config_defaults
                0x00003594       0x28 src/ASF/sam0/drivers/port/port.o
 .text.port_pin_set_config
                0x000035bc       0x60 src/ASF/sam0/drivers/port/port.o
                0x000035bc                port_pin_set_config
 .text.system_gclk_chan_get_config_defaults
                0x0000361c       0x16 src/ASF/sam0/drivers/rtc/rtc_sam_d_r_h/rtc_calendar.o
 *fill*         0x00003632        0x2 
 .text.system_apb_clock_set_mask
                0x00003634       0x5c src/ASF/sam0/drivers/rtc/rtc_sam_d_r_h/rtc_calendar.o
 .text.rtc_calendar_is_syncing
                0x00003690       0x28 src/ASF/sam0/drivers/rtc/rtc_sam_d_r_h/rtc_calendar.o
 .text.rtc_calendar_enable
                0x000036b8       0x38 src/ASF/sam0/drivers/rtc/rtc_sam_d_r_h/rtc_calendar.o
                0x000036b8                rtc_calendar_enable
 .text.rtc_calendar_disable
                0x000036f0       0x44 src/ASF/sam0/drivers/rtc/rtc_sam_d_r_h/rtc_calendar.o
                0x000036f0                rtc_calendar_disable
 .text.rtc_calendar_reset
                0x00003734       0x44 src/ASF/sam0/drivers/rtc/rtc_sam_d_r_h/rtc_calendar.o
                0x00003734                rtc_calendar_reset
 .text.rtc_calendar_time_to_register_value
                0x00003778       0x88 src/ASF/sam0/drivers/rtc/rtc_sam_d_r_h/rtc_calendar.o
                0x00003778                rtc_calendar_time_to_register_value
 .text.rtc_calendar_register_value_to_time
                0x00003800       0xa0 src/ASF/sam0/drivers/rtc/rtc_sam_d_r_h/rtc_calendar.o
                0x00003800                rtc_calendar_register_value_to_time
 .text._rtc_calendar_set_config
                0x000038a0       0xc8 src/ASF/sam0/drivers/rtc/rtc_sam_d_r_h/rtc_calendar.o
 .text.rtc_calendar_init
                0x00003968       0x94 src/ASF/sam0/drivers/rtc/rtc_sam_d_r_h/rtc_calendar.o
                0x00003968                rtc_calendar_init
 .text.rtc_calendar_get_time
                0x000039fc       0x8c src/ASF/sam0/drivers/rtc/rtc_sam_d_r_h/rtc_calendar.o
                0x000039fc                rtc_calendar_get_time
 .text.rtc_calendar_set_alarm
                0x00003a88       0x74 src/ASF/sam0/drivers/rtc/rtc_sam_d_r_h/rtc_calendar.o
                0x00003a88                rtc_calendar_set_alarm
 .text.system_gclk_chan_get_config_defaults
                0x00003afc       0x16 src/ASF/sam0/drivers/sercom/sercom.o
 .text.long_division
                0x00003b12       0xe0 src/ASF/sam0/drivers/sercom/sercom.o
 .text._sercom_get_sync_baud_val
                0x00003bf2       0x7c src/ASF/sam0/drivers/sercom/sercom.o
                0x00003bf2                _sercom_get_sync_baud_val
 *fill*         0x00003c6e        0x2 
 .text._sercom_get_async_baud_val
                0x00003c70      0x1c0 src/ASF/sam0/drivers/sercom/sercom.o
                0x00003c70                _sercom_get_async_baud_val
 .text.sercom_set_gclk_generator
                0x00003e30       0x8c src/ASF/sam0/drivers/sercom/sercom.o
                0x00003e30                sercom_set_gclk_generator
 .text._sercom_get_default_pad
                0x00003ebc      0x1bc src/ASF/sam0/drivers/sercom/sercom.o
                0x00003ebc                _sercom_get_default_pad
 .text._sercom_get_sercom_inst_index
                0x00004078       0x50 src/ASF/sam0/drivers/sercom/sercom.o
                0x00004078                _sercom_get_sercom_inst_index
 .text._sercom_default_handler
                0x000040c8       0x14 src/ASF/sam0/drivers/sercom/sercom_interrupt.o
 .text._sercom_set_handler
                0x000040dc       0x6c src/ASF/sam0/drivers/sercom/sercom_interrupt.o
                0x000040dc                _sercom_set_handler
 .text._sercom_get_interrupt_vector
                0x00004148       0x44 src/ASF/sam0/drivers/sercom/sercom_interrupt.o
                0x00004148                _sercom_get_interrupt_vector
 .text.SERCOM0_Handler
                0x0000418c       0x18 src/ASF/sam0/drivers/sercom/sercom_interrupt.o
                0x0000418c                SERCOM0_Handler
 .text.SERCOM1_Handler
                0x000041a4       0x18 src/ASF/sam0/drivers/sercom/sercom_interrupt.o
                0x000041a4                SERCOM1_Handler
 .text.SERCOM2_Handler
                0x000041bc       0x18 src/ASF/sam0/drivers/sercom/sercom_interrupt.o
                0x000041bc                SERCOM2_Handler
 .text.SERCOM3_Handler
                0x000041d4       0x18 src/ASF/sam0/drivers/sercom/sercom_interrupt.o
                0x000041d4                SERCOM3_Handler
 .text.SERCOM4_Handler
                0x000041ec       0x18 src/ASF/sam0/drivers/sercom/sercom_interrupt.o
                0x000041ec                SERCOM4_Handler
 .text.SERCOM5_Handler
                0x00004204       0x18 src/ASF/sam0/drivers/sercom/sercom_interrupt.o
                0x00004204                SERCOM5_Handler
 .text.system_pinmux_get_config_defaults
                0x0000421c       0x28 src/ASF/sam0/drivers/sercom/spi/spi.o
 .text.system_pinmux_get_group_from_gpio_pin
                0x00004244       0x60 src/ASF/sam0/drivers/sercom/spi/spi.o
 .text.port_get_group_from_gpio_pin
                0x000042a4       0x24 src/ASF/sam0/drivers/sercom/spi/spi.o
 .text.port_pin_set_output_level
                0x000042c8       0x54 src/ASF/sam0/drivers/sercom/spi/spi.o
 .text.system_gclk_chan_get_config_defaults
                0x0000431c       0x16 src/ASF/sam0/drivers/sercom/spi/spi.o
 *fill*         0x00004332        0x2 
 .text.system_apb_clock_set_mask
                0x00004334       0x5c src/ASF/sam0/drivers/sercom/spi/spi.o
 .text.system_is_debugger_present
                0x00004390       0x20 src/ASF/sam0/drivers/sercom/spi/spi.o
 .text.system_interrupt_enable
                0x000043b0       0x2c src/ASF/sam0/drivers/sercom/spi/spi.o
 .text.system_interrupt_disable
                0x000043dc       0x30 src/ASF/sam0/drivers/sercom/spi/spi.o
 .text.spi_is_syncing
                0x0000440c       0x20 src/ASF/sam0/drivers/sercom/spi/spi.o
 .text.spi_enable
                0x0000442c       0x50 src/ASF/sam0/drivers/sercom/spi/spi.o
 .text.spi_disable
                0x0000447c       0x5c src/ASF/sam0/drivers/sercom/spi/spi.o
 .text.spi_is_write_complete
                0x000044d8       0x28 src/ASF/sam0/drivers/sercom/spi/spi.o
 .text.spi_is_ready_to_write
                0x00004500       0x28 src/ASF/sam0/drivers/sercom/spi/spi.o
 .text.spi_is_ready_to_read
                0x00004528       0x28 src/ASF/sam0/drivers/sercom/spi/spi.o
 .text.spi_write
                0x00004550       0x48 src/ASF/sam0/drivers/sercom/spi/spi.o
 .text.spi_read
                0x00004598       0x88 src/ASF/sam0/drivers/sercom/spi/spi.o
 .text.spi_reset
                0x00004620       0x40 src/ASF/sam0/drivers/sercom/spi/spi.o
                0x00004620                spi_reset
 .text.spi_set_baudrate
                0x00004660       0xc8 src/ASF/sam0/drivers/sercom/spi/spi.o
                0x00004660                spi_set_baudrate
 .text._spi_set_config
                0x00004728      0x210 src/ASF/sam0/drivers/sercom/spi/spi.o
 .text.spi_init
                0x00004938      0x190 src/ASF/sam0/drivers/sercom/spi/spi.o
                0x00004938                spi_init
 .text.spi_read_buffer_wait
                0x00004ac8      0x134 src/ASF/sam0/drivers/sercom/spi/spi.o
                0x00004ac8                spi_read_buffer_wait
 .text.spi_select_slave
                0x00004bfc       0xf0 src/ASF/sam0/drivers/sercom/spi/spi.o
                0x00004bfc                spi_select_slave
 .text.spi_write_buffer_wait
                0x00004cec      0x14c src/ASF/sam0/drivers/sercom/spi/spi.o
                0x00004cec                spi_write_buffer_wait
 .text._spi_write
                0x00004e38       0x7a src/ASF/sam0/drivers/sercom/spi/spi_interrupt.o
 *fill*         0x00004eb2        0x2 
 .text._spi_write_dummy
                0x00004eb4       0x34 src/ASF/sam0/drivers/sercom/spi/spi_interrupt.o
 .text._spi_read_dummy
                0x00004ee8       0x36 src/ASF/sam0/drivers/sercom/spi/spi_interrupt.o
 .text._spi_read
                0x00004f1e       0x70 src/ASF/sam0/drivers/sercom/spi/spi_interrupt.o
 *fill*         0x00004f8e        0x2 
 .text._spi_interrupt_handler
                0x00004f90      0x280 src/ASF/sam0/drivers/sercom/spi/spi_interrupt.o
                0x00004f90                _spi_interrupt_handler
 .text.system_gclk_chan_get_config_defaults
                0x00005210       0x16 src/ASF/sam0/drivers/sercom/usart/usart.o
 *fill*         0x00005226        0x2 
 .text.system_apb_clock_set_mask
                0x00005228       0x5c src/ASF/sam0/drivers/sercom/usart/usart.o
 .text.system_pinmux_get_config_defaults
                0x00005284       0x28 src/ASF/sam0/drivers/sercom/usart/usart.o
 .text.system_is_debugger_present
                0x000052ac       0x20 src/ASF/sam0/drivers/sercom/usart/usart.o
 .text.usart_is_syncing
                0x000052cc       0x20 src/ASF/sam0/drivers/sercom/usart/usart.o
 .text._usart_wait_for_sync
                0x000052ec       0x24 src/ASF/sam0/drivers/sercom/usart/usart.o
 .text._usart_set_config
                0x00005310      0x2dc src/ASF/sam0/drivers/sercom/usart/usart.o
 .text.usart_init
                0x000055ec      0x274 src/ASF/sam0/drivers/sercom/usart/usart.o
                0x000055ec                usart_init
 .text.usart_write_wait
                0x00005860       0x64 src/ASF/sam0/drivers/sercom/usart/usart.o
                0x00005860                usart_write_wait
 .text.usart_read_wait
                0x000058c4       0xec src/ASF/sam0/drivers/sercom/usart/usart.o
                0x000058c4                usart_read_wait
 .text.system_interrupt_enter_critical_section
                0x000059b0       0x14 src/ASF/sam0/drivers/sercom/usart/usart_interrupt.o
 .text.system_interrupt_leave_critical_section
                0x000059c4       0x14 src/ASF/sam0/drivers/sercom/usart/usart_interrupt.o
 .text.usart_is_syncing
                0x000059d8       0x20 src/ASF/sam0/drivers/sercom/usart/usart_interrupt.o
 .text._usart_wait_for_sync
                0x000059f8       0x24 src/ASF/sam0/drivers/sercom/usart/usart_interrupt.o
 .text._usart_write_buffer
                0x00005a1c       0x5c src/ASF/sam0/drivers/sercom/usart/usart_interrupt.o
                0x00005a1c                _usart_write_buffer
 .text._usart_read_buffer
                0x00005a78       0x78 src/ASF/sam0/drivers/sercom/usart/usart_interrupt.o
                0x00005a78                _usart_read_buffer
 .text.usart_register_callback
                0x00005af0       0x48 src/ASF/sam0/drivers/sercom/usart/usart_interrupt.o
                0x00005af0                usart_register_callback
 .text.usart_write_buffer_job
                0x00005b38       0x48 src/ASF/sam0/drivers/sercom/usart/usart_interrupt.o
                0x00005b38                usart_write_buffer_job
 .text.usart_read_buffer_job
                0x00005b80       0x48 src/ASF/sam0/drivers/sercom/usart/usart_interrupt.o
                0x00005b80                usart_read_buffer_job
 .text.usart_get_job_status
                0x00005bc8       0x50 src/ASF/sam0/drivers/sercom/usart/usart_interrupt.o
                0x00005bc8                usart_get_job_status
 .text._usart_interrupt_handler
                0x00005c18      0x340 src/ASF/sam0/drivers/sercom/usart/usart_interrupt.o
                0x00005c18                _usart_interrupt_handler
 .text.system_gclk_gen_get_config_defaults
                0x00005f58       0x2e src/ASF/sam0/drivers/system/clock/clock_samd21_r21_da_ha1/clock.o
 .text.system_gclk_chan_get_config_defaults
                0x00005f86       0x16 src/ASF/sam0/drivers/system/clock/clock_samd21_r21_da_ha1/clock.o
 .text.system_clock_source_xosc32k_get_config_defaults
                0x00005f9c       0x48 src/ASF/sam0/drivers/system/clock/clock_samd21_r21_da_ha1/clock.o
 .text.system_clock_source_osc8m_get_config_defaults
                0x00005fe4       0x22 src/ASF/sam0/drivers/system/clock/clock_samd21_r21_da_ha1/clock.o
 .text.system_clock_source_dfll_get_config_defaults
                0x00006006       0x52 src/ASF/sam0/drivers/system/clock/clock_samd21_r21_da_ha1/clock.o
 .text.system_cpu_clock_set_divider
                0x00006058       0x20 src/ASF/sam0/drivers/system/clock/clock_samd21_r21_da_ha1/clock.o
 .text.system_apb_clock_set_divider
                0x00006078       0x54 src/ASF/sam0/drivers/system/clock/clock_samd21_r21_da_ha1/clock.o
 .text.system_flash_set_waitstates
                0x000060cc       0x34 src/ASF/sam0/drivers/system/clock/clock_samd21_r21_da_ha1/clock.o
 .text._system_dfll_wait_for_sync
                0x00006100       0x1c src/ASF/sam0/drivers/system/clock/clock_samd21_r21_da_ha1/clock.o
 .text._system_clock_source_dfll_set_config_errata_9905
                0x0000611c       0x44 src/ASF/sam0/drivers/system/clock/clock_samd21_r21_da_ha1/clock.o
 .text.system_clock_source_get_hz
                0x00006160       0xc0 src/ASF/sam0/drivers/system/clock/clock_samd21_r21_da_ha1/clock.o
                0x00006160                system_clock_source_get_hz
 .text.system_clock_source_osc8m_set_config
                0x00006220       0x78 src/ASF/sam0/drivers/system/clock/clock_samd21_r21_da_ha1/clock.o
                0x00006220                system_clock_source_osc8m_set_config
 .text.system_clock_source_xosc32k_set_config
                0x00006298      0x120 src/ASF/sam0/drivers/system/clock/clock_samd21_r21_da_ha1/clock.o
                0x00006298                system_clock_source_xosc32k_set_config
 .text.system_clock_source_dfll_set_config
                0x000063b8       0xd0 src/ASF/sam0/drivers/system/clock/clock_samd21_r21_da_ha1/clock.o
                0x000063b8                system_clock_source_dfll_set_config
 .text.system_clock_source_enable
                0x00006488       0xac src/ASF/sam0/drivers/system/clock/clock_samd21_r21_da_ha1/clock.o
                0x00006488                system_clock_source_enable
 .text.system_clock_source_is_ready
                0x00006534       0x84 src/ASF/sam0/drivers/system/clock/clock_samd21_r21_da_ha1/clock.o
                0x00006534                system_clock_source_is_ready
 .text._switch_peripheral_gclk
                0x000065b8       0x38 src/ASF/sam0/drivers/system/clock/clock_samd21_r21_da_ha1/clock.o
 .text.system_clock_init
                0x000065f0      0x270 src/ASF/sam0/drivers/system/clock/clock_samd21_r21_da_ha1/clock.o
                0x000065f0                system_clock_init
 .text.system_apb_clock_set_mask
                0x00006860       0x5c src/ASF/sam0/drivers/system/clock/clock_samd21_r21_da_ha1/gclk.o
 .text.system_interrupt_enter_critical_section
                0x000068bc       0x14 src/ASF/sam0/drivers/system/clock/clock_samd21_r21_da_ha1/gclk.o
 .text.system_interrupt_leave_critical_section
                0x000068d0       0x14 src/ASF/sam0/drivers/system/clock/clock_samd21_r21_da_ha1/gclk.o
 .text.system_gclk_is_syncing
                0x000068e4       0x20 src/ASF/sam0/drivers/system/clock/clock_samd21_r21_da_ha1/gclk.o
 .text.system_gclk_init
                0x00006904       0x30 src/ASF/sam0/drivers/system/clock/clock_samd21_r21_da_ha1/gclk.o
                0x00006904                system_gclk_init
 .text.system_gclk_gen_set_config
                0x00006934      0x124 src/ASF/sam0/drivers/system/clock/clock_samd21_r21_da_ha1/gclk.o
                0x00006934                system_gclk_gen_set_config
 .text.system_gclk_gen_enable
                0x00006a58       0x5c src/ASF/sam0/drivers/system/clock/clock_samd21_r21_da_ha1/gclk.o
                0x00006a58                system_gclk_gen_enable
 .text.system_gclk_gen_get_hz
                0x00006ab4       0xd8 src/ASF/sam0/drivers/system/clock/clock_samd21_r21_da_ha1/gclk.o
                0x00006ab4                system_gclk_gen_get_hz
 .text.system_gclk_chan_set_config
                0x00006b8c       0x44 src/ASF/sam0/drivers/system/clock/clock_samd21_r21_da_ha1/gclk.o
                0x00006b8c                system_gclk_chan_set_config
 .text.system_gclk_chan_enable
                0x00006bd0       0x48 src/ASF/sam0/drivers/system/clock/clock_samd21_r21_da_ha1/gclk.o
                0x00006bd0                system_gclk_chan_enable
 .text.system_gclk_chan_disable
                0x00006c18       0x98 src/ASF/sam0/drivers/system/clock/clock_samd21_r21_da_ha1/gclk.o
                0x00006c18                system_gclk_chan_disable
 .text.system_gclk_chan_get_hz
                0x00006cb0       0x58 src/ASF/sam0/drivers/system/clock/clock_samd21_r21_da_ha1/gclk.o
                0x00006cb0                system_gclk_chan_get_hz
 .text.system_pinmux_get_group_from_gpio_pin
                0x00006d08       0x60 src/ASF/sam0/drivers/system/pinmux/pinmux.o
 .text._system_pinmux_config
                0x00006d68      0x110 src/ASF/sam0/drivers/system/pinmux/pinmux.o
 .text.system_pinmux_pin_set_config
                0x00006e78       0x48 src/ASF/sam0/drivers/system/pinmux/pinmux.o
                0x00006e78                system_pinmux_pin_set_config
 .text._system_dummy_init
                0x00006ec0        0xa src/ASF/sam0/drivers/system/system.o
                0x00006ec0                _system_extint_init
                0x00006ec0                _system_events_init
                0x00006ec0                _system_dummy_init
                0x00006ec0                _system_divas_init
 *fill*         0x00006eca        0x2 
 .text.system_init
                0x00006ecc       0x34 src/ASF/sam0/drivers/system/system.o
                0x00006ecc                system_init
 .text.Reset_Handler
                0x00006f00       0xf8 src/ASF/sam0/utils/cmsis/samd21/source/gcc/startup_samd21.o
                0x00006f00                Reset_Handler
 .text.Dummy_Handler
                0x00006ff8        0x6 src/ASF/sam0/utils/cmsis/samd21/source/gcc/startup_samd21.o
                0x00006ff8                DMAC_Handler
                0x00006ff8                HardFault_Handler
                0x00006ff8                AC_Handler
                0x00006ff8                PendSV_Handler
                0x00006ff8                NMI_Handler
                0x00006ff8                ADC_Handler
                0x00006ff8                TCC1_Handler
                0x00006ff8                TCC0_Handler
                0x00006ff8                RTC_Handler
                0x00006ff8                EIC_Handler
                0x00006ff8                WDT_Handler
                0x00006ff8                TC4_Handler
                0x00006ff8                USB_Handler
                0x00006ff8                TC3_Handler
                0x00006ff8                Dummy_Handler
                0x00006ff8                PM_Handler
                0x00006ff8                SVC_Handler
                0x00006ff8                TCC2_Handler
                0x00006ff8                EVSYS_Handler
                0x00006ff8                I2S_Handler
                0x00006ff8                NVMCTRL_Handler
                0x00006ff8                DAC_Handler
                0x00006ff8                PTC_Handler
                0x00006ff8                TC5_Handler
                0x00006ff8                SYSCTRL_Handler
 *fill*         0x00006ffe        0x2 
 .text._read    0x00007000       0x54 src/ASF/sam0/utils/stdio/read.o
                0x00007000                _read
 .text._write   0x00007054       0x6c src/ASF/sam0/utils/stdio/write.o
                0x00007054                _write
 .text._sbrk    0x000070c0       0x3c src/ASF/sam0/utils/syscalls/gcc/syscalls.o
                0x000070c0                _sbrk
 .text._close   0x000070fc       0x14 src/ASF/sam0/utils/syscalls/gcc/syscalls.o
                0x000070fc                _close
 .text._fstat   0x00007110       0x1c src/ASF/sam0/utils/syscalls/gcc/syscalls.o
                0x00007110                _fstat
 .text._lseek   0x0000712c       0x16 src/ASF/sam0/utils/syscalls/gcc/syscalls.o
                0x0000712c                _lseek
 .text.rtc_calendar_get_time_defaults
                0x00007142       0x3c src/ASF/thirdparty/fatfs/fatfs-port-r0.09/diskio.o
 *fill*         0x0000717e        0x2 
 .text.rtc_calendar_get_config_defaults
                0x00007180       0xa4 src/ASF/thirdparty/fatfs/fatfs-port-r0.09/diskio.o
 .text.configure_rtc_calendar
                0x00007224       0x94 src/ASF/thirdparty/fatfs/fatfs-port-r0.09/diskio.o
 .text.disk_initialize
                0x000072b8       0x84 src/ASF/thirdparty/fatfs/fatfs-port-r0.09/diskio.o
                0x000072b8                disk_initialize
 .text.disk_status
                0x0000733c       0x38 src/ASF/thirdparty/fatfs/fatfs-port-r0.09/diskio.o
                0x0000733c                disk_status
 .text.disk_read
                0x00007374       0xd8 src/ASF/thirdparty/fatfs/fatfs-port-r0.09/diskio.o
                0x00007374                disk_read
 .text.disk_write
                0x0000744c       0xd8 src/ASF/thirdparty/fatfs/fatfs-port-r0.09/diskio.o
                0x0000744c                disk_write
 .text.disk_ioctl
                0x00007524       0xf8 src/ASF/thirdparty/fatfs/fatfs-port-r0.09/diskio.o
                0x00007524                disk_ioctl
 .text.get_fattime
                0x0000761c       0x60 src/ASF/thirdparty/fatfs/fatfs-port-r0.09/sam0/fattime_rtc.o
                0x0000761c                get_fattime
 .text.mem_cpy  0x0000767c       0x38 src/ASF/thirdparty/fatfs/fatfs-r0.09/src/ff.o
 .text.mem_set  0x000076b4       0x30 src/ASF/thirdparty/fatfs/fatfs-r0.09/src/ff.o
 .text.mem_cmp  0x000076e4       0x4a src/ASF/thirdparty/fatfs/fatfs-r0.09/src/ff.o
 .text.chk_chr  0x0000772e       0x32 src/ASF/thirdparty/fatfs/fatfs-r0.09/src/ff.o
 .text.move_window
                0x00007760       0xc8 src/ASF/thirdparty/fatfs/fatfs-r0.09/src/ff.o
 .text.sync     0x00007828      0x198 src/ASF/thirdparty/fatfs/fatfs-r0.09/src/ff.o
 .text.clust2sect
                0x000079c0       0x38 src/ASF/thirdparty/fatfs/fatfs-r0.09/src/ff.o
 .text.get_fat  0x000079f8      0x16c src/ASF/thirdparty/fatfs/fatfs-r0.09/src/ff.o
 .text.put_fat  0x00007b64      0x23c src/ASF/thirdparty/fatfs/fatfs-r0.09/src/ff.o
 .text.remove_chain
                0x00007da0       0xc8 src/ASF/thirdparty/fatfs/fatfs-r0.09/src/ff.o
 .text.create_chain
                0x00007e68      0x13c src/ASF/thirdparty/fatfs/fatfs-r0.09/src/ff.o
 .text.dir_sdi  0x00007fa4      0x130 src/ASF/thirdparty/fatfs/fatfs-r0.09/src/ff.o
 .text.dir_next
                0x000080d4      0x1f0 src/ASF/thirdparty/fatfs/fatfs-r0.09/src/ff.o
 .text.cmp_lfn  0x000082c4      0x104 src/ASF/thirdparty/fatfs/fatfs-r0.09/src/ff.o
 .text.pick_lfn
                0x000083c8       0xe4 src/ASF/thirdparty/fatfs/fatfs-r0.09/src/ff.o
 .text.fit_lfn  0x000084ac      0x110 src/ASF/thirdparty/fatfs/fatfs-r0.09/src/ff.o
 .text.gen_numname
                0x000085bc      0x100 src/ASF/thirdparty/fatfs/fatfs-r0.09/src/ff.o
 .text.sum_sfn  0x000086bc       0x4e src/ASF/thirdparty/fatfs/fatfs-r0.09/src/ff.o
 *fill*         0x0000870a        0x2 
 .text.dir_find
                0x0000870c      0x1fc src/ASF/thirdparty/fatfs/fatfs-r0.09/src/ff.o
 .text.dir_read
                0x00008908      0x1c4 src/ASF/thirdparty/fatfs/fatfs-r0.09/src/ff.o
 .text.dir_register
                0x00008acc      0x368 src/ASF/thirdparty/fatfs/fatfs-r0.09/src/ff.o
 .text.dir_remove
                0x00008e34       0xd8 src/ASF/thirdparty/fatfs/fatfs-r0.09/src/ff.o
 .text.create_name
                0x00008f0c      0x448 src/ASF/thirdparty/fatfs/fatfs-r0.09/src/ff.o
 .text.follow_path
                0x00009354      0x138 src/ASF/thirdparty/fatfs/fatfs-r0.09/src/ff.o
 .text.check_fs
                0x0000948c       0xd4 src/ASF/thirdparty/fatfs/fatfs-r0.09/src/ff.o
 .text.chk_mounted
                0x00009560      0x5fc src/ASF/thirdparty/fatfs/fatfs-r0.09/src/ff.o
 .text.validate
                0x00009b5c       0x54 src/ASF/thirdparty/fatfs/fatfs-r0.09/src/ff.o
 .text.f_mount  0x00009bb0       0x58 src/ASF/thirdparty/fatfs/fatfs-r0.09/src/ff.o
                0x00009bb0                f_mount
 .text.f_open   0x00009c08      0x530 src/ASF/thirdparty/fatfs/fatfs-r0.09/src/ff.o
                0x00009c08                f_open
 .text.f_read   0x0000a138      0x29c src/ASF/thirdparty/fatfs/fatfs-r0.09/src/ff.o
                0x0000a138                f_read
 .text.f_write  0x0000a3d4      0x350 src/ASF/thirdparty/fatfs/fatfs-r0.09/src/ff.o
                0x0000a3d4                f_write
 .text.f_sync   0x0000a724      0x180 src/ASF/thirdparty/fatfs/fatfs-r0.09/src/ff.o
                0x0000a724                f_sync
 .text.f_close  0x0000a8a4       0x3c src/ASF/thirdparty/fatfs/fatfs-r0.09/src/ff.o
                0x0000a8a4                f_close
 .text.f_unlink
                0x0000a8e0      0x260 src/ASF/thirdparty/fatfs/fatfs-r0.09/src/ff.o
                0x0000a8e0                f_unlink
 .text.f_putc   0x0000ab40       0x48 src/ASF/thirdparty/fatfs/fatfs-r0.09/src/ff.o
                0x0000ab40                f_putc
 .text.f_puts   0x0000ab88       0x4c src/ASF/thirdparty/fatfs/fatfs-r0.09/src/ff.o
                0x0000ab88                f_puts
 .text.ff_convert
                0x0000abd4       0xac src/ASF/thirdparty/fatfs/fatfs-r0.09/src/option/ccsbcs.o
                0x0000abd4                ff_convert
 .text.ff_wtoupper
                0x0000ac80       0x60 src/ASF/thirdparty/fatfs/fatfs-r0.09/src/option/ccsbcs.o
                0x0000ac80                ff_wtoupper
 .text.NVIC_SystemReset
                0x0000ace0       0x1c src/BootMain.o
 .text.system_apb_clock_set_mask
                0x0000acfc       0x5c src/BootMain.o
 .text.nvm_get_config_defaults
                0x0000ad58       0x3c src/BootMain.o
 .text.system_reset
                0x0000ad94       0x14 src/BootMain.o
 .text.system_interrupt_enable_global
                0x0000ada8       0x1c src/BootMain.o
 .text.dsu_crc32_init
                0x0000adc4       0x18 src/BootMain.o
 .text.nvm_update
                0x0000addc      0x284 src/BootMain.o
                0x0000addc                nvm_update
 .text.main     0x0000b060      0x238 src/BootMain.o
                0x0000b060                main
 .text.StartFilesystemAndTest
                0x0000b298      0x2a8 src/BootMain.o
 .text.jumpToApplication
                0x0000b540       0x38 src/BootMain.o
 .text.configure_nvm
                0x0000b578       0x2c src/BootMain.o
 .text          0x0000b5a4      0x114 c:/program files (x86)/atmel/studio/7.0/toolchain/arm/arm-gnu-toolchain/bin/../lib/gcc/arm-none-eabi/6.3.1/thumb/v6-m\libgcc.a(_udivsi3.o)
                0x0000b5a4                __aeabi_uidiv
                0x0000b5a4                __udivsi3
                0x0000b6b0                __aeabi_uidivmod
 .text          0x0000b6b8      0x1d4 c:/program files (x86)/atmel/studio/7.0/toolchain/arm/arm-gnu-toolchain/bin/../lib/gcc/arm-none-eabi/6.3.1/thumb/v6-m\libgcc.a(_divsi3.o)
                0x0000b6b8                __divsi3
                0x0000b6b8                __aeabi_idiv
                0x0000b884                __aeabi_idivmod
 .text          0x0000b88c        0x4 c:/program files (x86)/atmel/studio/7.0/toolchain/arm/arm-gnu-toolchain/bin/../lib/gcc/arm-none-eabi/6.3.1/thumb/v6-m\libgcc.a(_dvmd_tls.o)
                0x0000b88c                __aeabi_idiv0
                0x0000b88c                __aeabi_ldiv0
 .text          0x0000b890       0x54 c:/program files (x86)/atmel/studio/7.0/toolchain/arm/arm-gnu-toolchain/bin/../lib/gcc/arm-none-eabi/6.3.1/thumb/v6-m\libgcc.a(_muldi3.o)
                0x0000b890                __muldi3
                0x0000b890                __aeabi_lmul
 .text.__libc_init_array
                0x0000b8e4       0x48 c:/program files (x86)/atmel/studio/7.0/toolchain/arm/arm-gnu-toolchain/bin/../lib/gcc/arm-none-eabi/6.3.1/../../../../arm-none-eabi/lib/thumb/v6-m\libc_nano.a(lib_a-init.o)
                0x0000b8e4                __libc_init_array
 .text.malloc   0x0000b92c       0x14 c:/program files (x86)/atmel/studio/7.0/toolchain/arm/arm-gnu-toolchain/bin/../lib/gcc/arm-none-eabi/6.3.1/../../../../arm-none-eabi/lib/thumb/v6-m\libc_nano.a(lib_a-malloc.o)
                0x0000b92c                malloc
 .text.memcpy   0x0000b940       0x12 c:/program files (x86)/atmel/studio/7.0/toolchain/arm/arm-gnu-toolchain/bin/../lib/gcc/arm-none-eabi/6.3.1/../../../../arm-none-eabi/lib/thumb/v6-m\libc_nano.a(lib_a-memcpy-stub.o)
                0x0000b940                memcpy
 .text.memset   0x0000b952       0x10 c:/program files (x86)/atmel/studio/7.0/toolchain/arm/arm-gnu-toolchain/bin/../lib/gcc/arm-none-eabi/6.3.1/../../../../arm-none-eabi/lib/thumb/v6-m\libc_nano.a(lib_a-memset.o)
                0x0000b952                memset
 *fill*         0x0000b962        0x2 
 .text._free_r  0x0000b964       0x94 c:/program files (x86)/atmel/studio/7.0/toolchain/arm/arm-gnu-toolchain/bin/../lib/gcc/arm-none-eabi/6.3.1/../../../../arm-none-eabi/lib/thumb/v6-m\libc_nano.a(lib_a-nano-freer.o)
                0x0000b964                _free_r
 .text._malloc_r
                0x0000b9f8       0xbc c:/program files (x86)/atmel/studio/7.0/toolchain/arm/arm-gnu-toolchain/bin/../lib/gcc/arm-none-eabi/6.3.1/../../../../arm-none-eabi/lib/thumb/v6-m\libc_nano.a(lib_a-nano-mallocr.o)
                0x0000b9f8                _malloc_r
 .text._sbrk_r  0x0000bab4       0x24 c:/program files (x86)/atmel/studio/7.0/toolchain/arm/arm-gnu-toolchain/bin/../lib/gcc/arm-none-eabi/6.3.1/../../../../arm-none-eabi/lib/thumb/v6-m\libc_nano.a(lib_a-sbrkr.o)
                0x0000bab4                _sbrk_r
 .text.setbuf   0x0000bad8       0x12 c:/program files (x86)/atmel/studio/7.0/toolchain/arm/arm-gnu-toolchain/bin/../lib/gcc/arm-none-eabi/6.3.1/../../../../arm-none-eabi/lib/thumb/v6-m\libc_nano.a(lib_a-setbuf.o)
                0x0000bad8                setbuf
 *fill*         0x0000baea        0x2 
 .text.setvbuf  0x0000baec      0x158 c:/program files (x86)/atmel/studio/7.0/toolchain/arm/arm-gnu-toolchain/bin/../lib/gcc/arm-none-eabi/6.3.1/../../../../arm-none-eabi/lib/thumb/v6-m\libc_nano.a(lib_a-setvbuf.o)
                0x0000baec                setvbuf
 .text.snprintf
                0x0000bc44       0x64 c:/program files (x86)/atmel/studio/7.0/toolchain/arm/arm-gnu-toolchain/bin/../lib/gcc/arm-none-eabi/6.3.1/../../../../arm-none-eabi/lib/thumb/v6-m\libc_nano.a(lib_a-snprintf.o)
                0x0000bc44                sniprintf
                0x0000bc44                snprintf
 .text          0x0000bca8        0xe c:/program files (x86)/atmel/studio/7.0/toolchain/arm/arm-gnu-toolchain/bin/../lib/gcc/arm-none-eabi/6.3.1/../../../../arm-none-eabi/lib/thumb/v6-m\libc_nano.a(lib_a-strlen.o)
                0x0000bca8                strlen
 *fill*         0x0000bcb6        0x2 
 .text.__sflush_r
                0x0000bcb8      0x114 c:/program files (x86)/atmel/studio/7.0/toolchain/arm/arm-gnu-toolchain/bin/../lib/gcc/arm-none-eabi/6.3.1/../../../../arm-none-eabi/lib/thumb/v6-m\libc_nano.a(lib_a-fflush.o)
                0x0000bcb8                __sflush_r
 .text._fflush_r
                0x0000bdcc       0x58 c:/program files (x86)/atmel/studio/7.0/toolchain/arm/arm-gnu-toolchain/bin/../lib/gcc/arm-none-eabi/6.3.1/../../../../arm-none-eabi/lib/thumb/v6-m\libc_nano.a(lib_a-fflush.o)
                0x0000bdcc                _fflush_r
 .text._cleanup_r
                0x0000be24       0x10 c:/program files (x86)/atmel/studio/7.0/toolchain/arm/arm-gnu-toolchain/bin/../lib/gcc/arm-none-eabi/6.3.1/../../../../arm-none-eabi/lib/thumb/v6-m\libc_nano.a(lib_a-findfp.o)
                0x0000be24                _cleanup_r
 .text.std.isra.0
                0x0000be34       0x48 c:/program files (x86)/atmel/studio/7.0/toolchain/arm/arm-gnu-toolchain/bin/../lib/gcc/arm-none-eabi/6.3.1/../../../../arm-none-eabi/lib/thumb/v6-m\libc_nano.a(lib_a-findfp.o)
 .text.__sfmoreglue
                0x0000be7c       0x2c c:/program files (x86)/atmel/studio/7.0/toolchain/arm/arm-gnu-toolchain/bin/../lib/gcc/arm-none-eabi/6.3.1/../../../../arm-none-eabi/lib/thumb/v6-m\libc_nano.a(lib_a-findfp.o)
                0x0000be7c                __sfmoreglue
 .text.__sinit  0x0000bea8       0x68 c:/program files (x86)/atmel/studio/7.0/toolchain/arm/arm-gnu-toolchain/bin/../lib/gcc/arm-none-eabi/6.3.1/../../../../arm-none-eabi/lib/thumb/v6-m\libc_nano.a(lib_a-findfp.o)
                0x0000bea8                __sinit
 .text.__sfp    0x0000bf10       0x80 c:/program files (x86)/atmel/studio/7.0/toolchain/arm/arm-gnu-toolchain/bin/../lib/gcc/arm-none-eabi/6.3.1/../../../../arm-none-eabi/lib/thumb/v6-m\libc_nano.a(lib_a-findfp.o)
                0x0000bf10                __sfp
 .text._fwalk_reent
                0x0000bf90       0x42 c:/program files (x86)/atmel/studio/7.0/toolchain/arm/arm-gnu-toolchain/bin/../lib/gcc/arm-none-eabi/6.3.1/../../../../arm-none-eabi/lib/thumb/v6-m\libc_nano.a(lib_a-fwalk.o)
                0x0000bf90                _fwalk_reent
 *fill*         0x0000bfd2        0x2 
 .text.__swhatbuf_r
                0x0000bfd4       0x50 c:/program files (x86)/atmel/studio/7.0/toolchain/arm/arm-gnu-toolchain/bin/../lib/gcc/arm-none-eabi/6.3.1/../../../../arm-none-eabi/lib/thumb/v6-m\libc_nano.a(lib_a-makebuf.o)
                0x0000bfd4                __swhatbuf_r
 .text.__malloc_lock
                0x0000c024        0x2 c:/program files (x86)/atmel/studio/7.0/toolchain/arm/arm-gnu-toolchain/bin/../lib/gcc/arm-none-eabi/6.3.1/../../../../arm-none-eabi/lib/thumb/v6-m\libc_nano.a(lib_a-mlock.o)
                0x0000c024                __malloc_lock
 .text.__malloc_unlock
                0x0000c026        0x2 c:/program files (x86)/atmel/studio/7.0/toolchain/arm/arm-gnu-toolchain/bin/../lib/gcc/arm-none-eabi/6.3.1/../../../../arm-none-eabi/lib/thumb/v6-m\libc_nano.a(lib_a-mlock.o)
                0x0000c026                __malloc_unlock
 .text.__ssputs_r
                0x0000c028       0xc4 c:/program files (x86)/atmel/studio/7.0/toolchain/arm/arm-gnu-toolchain/bin/../lib/gcc/arm-none-eabi/6.3.1/../../../../arm-none-eabi/lib/thumb/v6-m\libc_nano.a(lib_a-nano-svfprintf.o)
                0x0000c028                __ssputs_r
 .text._svfprintf_r
                0x0000c0ec      0x208 c:/program files (x86)/atmel/studio/7.0/toolchain/arm/arm-gnu-toolchain/bin/../lib/gcc/arm-none-eabi/6.3.1/../../../../arm-none-eabi/lib/thumb/v6-m\libc_nano.a(lib_a-nano-svfprintf.o)
                0x0000c0ec                _svfiprintf_r
                0x0000c0ec                _svfprintf_r
 .text._printf_common
                0x0000c2f4       0xda c:/program files (x86)/atmel/studio/7.0/toolchain/arm/arm-gnu-toolchain/bin/../lib/gcc/arm-none-eabi/6.3.1/../../../../arm-none-eabi/lib/thumb/v6-m\libc_nano.a(lib_a-nano-vfprintf_i.o)
                0x0000c2f4                _printf_common
 *fill*         0x0000c3ce        0x2 
 .text._printf_i
                0x0000c3d0      0x234 c:/program files (x86)/atmel/studio/7.0/toolchain/arm/arm-gnu-toolchain/bin/../lib/gcc/arm-none-eabi/6.3.1/../../../../arm-none-eabi/lib/thumb/v6-m\libc_nano.a(lib_a-nano-vfprintf_i.o)
                0x0000c3d0                _printf_i
 .text.__sread  0x0000c604       0x28 c:/program files (x86)/atmel/studio/7.0/toolchain/arm/arm-gnu-toolchain/bin/../lib/gcc/arm-none-eabi/6.3.1/../../../../arm-none-eabi/lib/thumb/v6-m\libc_nano.a(lib_a-stdio.o)
                0x0000c604                __sread
 .text.__swrite
                0x0000c62c       0x38 c:/program files (x86)/atmel/studio/7.0/toolchain/arm/arm-gnu-toolchain/bin/../lib/gcc/arm-none-eabi/6.3.1/../../../../arm-none-eabi/lib/thumb/v6-m\libc_nano.a(lib_a-stdio.o)
                0x0000c62c                __swrite
 .text.__sseek  0x0000c664       0x2c c:/program files (x86)/atmel/studio/7.0/toolchain/arm/arm-gnu-toolchain/bin/../lib/gcc/arm-none-eabi/6.3.1/../../../../arm-none-eabi/lib/thumb/v6-m\libc_nano.a(lib_a-stdio.o)
                0x0000c664                __sseek
 .text.__sclose
                0x0000c690        0xc c:/program files (x86)/atmel/studio/7.0/toolchain/arm/arm-gnu-toolchain/bin/../lib/gcc/arm-none-eabi/6.3.1/../../../../arm-none-eabi/lib/thumb/v6-m\libc_nano.a(lib_a-stdio.o)
                0x0000c690                __sclose
 .text._write_r
                0x0000c69c       0x28 c:/program files (x86)/atmel/studio/7.0/toolchain/arm/arm-gnu-toolchain/bin/../lib/gcc/arm-none-eabi/6.3.1/../../../../arm-none-eabi/lib/thumb/v6-m\libc_nano.a(lib_a-writer.o)
                0x0000c69c                _write_r
 .text._close_r
                0x0000c6c4       0x24 c:/program files (x86)/atmel/studio/7.0/toolchain/arm/arm-gnu-toolchain/bin/../lib/gcc/arm-none-eabi/6.3.1/../../../../arm-none-eabi/lib/thumb/v6-m\libc_nano.a(lib_a-closer.o)
                0x0000c6c4                _close_r
 .text._fstat_r
                0x0000c6e8       0x24 c:/program files (x86)/atmel/studio/7.0/toolchain/arm/arm-gnu-toolchain/bin/../lib/gcc/arm-none-eabi/6.3.1/../../../../arm-none-eabi/lib/thumb/v6-m\libc_nano.a(lib_a-fstatr.o)
                0x0000c6e8                _fstat_r
 .text._lseek_r
                0x0000c70c       0x28 c:/program files (x86)/atmel/studio/7.0/toolchain/arm/arm-gnu-toolchain/bin/../lib/gcc/arm-none-eabi/6.3.1/../../../../arm-none-eabi/lib/thumb/v6-m\libc_nano.a(lib_a-lseekr.o)
                0x0000c70c                _lseek_r
 .text.memchr   0x0000c734       0x16 c:/program files (x86)/atmel/studio/7.0/toolchain/arm/arm-gnu-toolchain/bin/../lib/gcc/arm-none-eabi/6.3.1/../../../../arm-none-eabi/lib/thumb/v6-m\libc_nano.a(lib_a-memchr-stub.o)
                0x0000c734                memchr
 .text.memmove  0x0000c74a       0x24 c:/program files (x86)/atmel/studio/7.0/toolchain/arm/arm-gnu-toolchain/bin/../lib/gcc/arm-none-eabi/6.3.1/../../../../arm-none-eabi/lib/thumb/v6-m\libc_nano.a(lib_a-memmove.o)
                0x0000c74a                memmove
 .text._realloc_r
                0x0000c76e       0x4c c:/program files (x86)/atmel/studio/7.0/toolchain/arm/arm-gnu-toolchain/bin/../lib/gcc/arm-none-eabi/6.3.1/../../../../arm-none-eabi/lib/thumb/v6-m\libc_nano.a(lib_a-nano-reallocr.o)
                0x0000c76e                _realloc_r
 *fill*         0x0000c7ba        0x2 
 .text._read_r  0x0000c7bc       0x28 c:/program files (x86)/atmel/studio/7.0/toolchain/arm/arm-gnu-toolchain/bin/../lib/gcc/arm-none-eabi/6.3.1/../../../../arm-none-eabi/lib/thumb/v6-m\libc_nano.a(lib_a-readr.o)
                0x0000c7bc                _read_r
 .text._malloc_usable_size_r
                0x0000c7e4       0x10 c:/program files (x86)/atmel/studio/7.0/toolchain/arm/arm-gnu-toolchain/bin/../lib/gcc/arm-none-eabi/6.3.1/../../../../arm-none-eabi/lib/thumb/v6-m\libc_nano.a(lib_a-nano-msizer.o)
                0x0000c7e4                _malloc_usable_size_r
 *(.glue_7t)
 .glue_7t       0x0000c7f4        0x0 linker stubs
 *(.glue_7)
 .glue_7        0x0000c7f4        0x0 linker stubs
 *(.rodata .rodata* .gnu.linkonce.r.*)
 .rodata.nvm_execute_command
                0x0000c7f4      0x118 src/ASF/sam0/drivers/nvm/nvm.o
 .rodata.sd_mmc_trans_units
                0x0000c90c       0x1c src/ASF/common2/components/memory/sd_mmc/sd_mmc.o
                0x0000c90c                sd_mmc_trans_units
 .rodata.sd_trans_multipliers
                0x0000c928       0x40 src/ASF/common2/components/memory/sd_mmc/sd_mmc.o
                0x0000c928                sd_trans_multipliers
 .rodata.mmc_trans_multipliers
                0x0000c968       0x40 src/ASF/common2/components/memory/sd_mmc/sd_mmc.o
                0x0000c968                mmc_trans_multipliers
 .rodata        0x0000c9a8       0x15 src/ASF/common/services/storage/ctrl_access/ctrl_access.o
 *fill*         0x0000c9bd        0x3 
 .rodata.lun_desc
                0x0000c9c0       0x20 src/ASF/common/services/storage/ctrl_access/ctrl_access.o
 .rodata        0x0000c9e0       0x18 src/ASF/sam0/drivers/sercom/sercom.o
 .rodata        0x0000c9f8        0x6 src/ASF/sam0/drivers/sercom/sercom_interrupt.o
 *fill*         0x0000c9fe        0x2 
 .rodata.system_clock_source_get_hz
                0x0000ca00       0x24 src/ASF/sam0/drivers/system/clock/clock_samd21_r21_da_ha1/clock.o
 .rodata.system_clock_source_enable
                0x0000ca24       0x24 src/ASF/sam0/drivers/system/clock/clock_samd21_r21_da_ha1/clock.o
 .rodata.system_clock_source_is_ready
                0x0000ca48       0x24 src/ASF/sam0/drivers/system/clock/clock_samd21_r21_da_ha1/clock.o
 .rodata.LfnOfs
                0x0000ca6c        0xd src/ASF/thirdparty/fatfs/fatfs-r0.09/src/ff.o
 *fill*         0x0000ca79        0x3 
 .rodata        0x0000ca7c       0x48 src/ASF/thirdparty/fatfs/fatfs-r0.09/src/ff.o
 .rodata.excvt.4558
                0x0000cac4       0x80 src/ASF/thirdparty/fatfs/fatfs-r0.09/src/ff.o
 .rodata.Tbl    0x0000cb44      0x100 src/ASF/thirdparty/fatfs/fatfs-r0.09/src/option/ccsbcs.o
 .rodata.tbl_lower.4308
                0x0000cc44      0x1e0 src/ASF/thirdparty/fatfs/fatfs-r0.09/src/option/ccsbcs.o
 .rodata.tbl_upper.4309
                0x0000ce24      0x1e0 src/ASF/thirdparty/fatfs/fatfs-r0.09/src/option/ccsbcs.o
 .rodata        0x0000d004      0x3b0 src/BootMain.o
 .rodata._global_impure_ptr
                0x0000d3b4        0x4 c:/program files (x86)/atmel/studio/7.0/toolchain/arm/arm-gnu-toolchain/bin/../lib/gcc/arm-none-eabi/6.3.1/../../../../arm-none-eabi/lib/thumb/v6-m\libc_nano.a(lib_a-impure.o)
                0x0000d3b4                _global_impure_ptr
 .rodata.__sf_fake_stderr
                0x0000d3b8       0x20 c:/program files (x86)/atmel/studio/7.0/toolchain/arm/arm-gnu-toolchain/bin/../lib/gcc/arm-none-eabi/6.3.1/../../../../arm-none-eabi/lib/thumb/v6-m\libc_nano.a(lib_a-findfp.o)
                0x0000d3b8                __sf_fake_stderr
 .rodata.__sf_fake_stdin
                0x0000d3d8       0x20 c:/program files (x86)/atmel/studio/7.0/toolchain/arm/arm-gnu-toolchain/bin/../lib/gcc/arm-none-eabi/6.3.1/../../../../arm-none-eabi/lib/thumb/v6-m\libc_nano.a(lib_a-findfp.o)
                0x0000d3d8                __sf_fake_stdin
 .rodata.__sf_fake_stdout
                0x0000d3f8       0x20 c:/program files (x86)/atmel/studio/7.0/toolchain/arm/arm-gnu-toolchain/bin/../lib/gcc/arm-none-eabi/6.3.1/../../../../arm-none-eabi/lib/thumb/v6-m\libc_nano.a(lib_a-findfp.o)
                0x0000d3f8                __sf_fake_stdout
 .rodata._svfprintf_r.str1.1
                0x0000d418       0x11 c:/program files (x86)/atmel/studio/7.0/toolchain/arm/arm-gnu-toolchain/bin/../lib/gcc/arm-none-eabi/6.3.1/../../../../arm-none-eabi/lib/thumb/v6-m\libc_nano.a(lib_a-nano-svfprintf.o)
 .rodata._printf_i.str1.1
                0x0000d429       0x22 c:/program files (x86)/atmel/studio/7.0/toolchain/arm/arm-gnu-toolchain/bin/../lib/gcc/arm-none-eabi/6.3.1/../../../../arm-none-eabi/lib/thumb/v6-m\libc_nano.a(lib_a-nano-vfprintf_i.o)
 *(.ARM.extab* .gnu.linkonce.armextab.*)
                0x0000d44c                . = ALIGN (0x4)
 *fill*         0x0000d44b        0x1 
 *(.init)
 .init          0x0000d44c        0x4 c:/program files (x86)/atmel/studio/7.0/toolchain/arm/arm-gnu-toolchain/bin/../lib/gcc/arm-none-eabi/6.3.1/thumb/v6-m/crti.o
                0x0000d44c                _init
 .init          0x0000d450        0x8 c:/program files (x86)/atmel/studio/7.0/toolchain/arm/arm-gnu-toolchain/bin/../lib/gcc/arm-none-eabi/6.3.1/thumb/v6-m/crtn.o
                0x0000d458                . = ALIGN (0x4)
                0x0000d458                __preinit_array_start = .
 *(.preinit_array)
                0x0000d458                __preinit_array_end = .
                0x0000d458                . = ALIGN (0x4)
                0x0000d458                __init_array_start = .
 *(SORT(.init_array.*))
 *(.init_array)
 .init_array    0x0000d458        0x4 c:/program files (x86)/atmel/studio/7.0/toolchain/arm/arm-gnu-toolchain/bin/../lib/gcc/arm-none-eabi/6.3.1/thumb/v6-m/crtbegin.o
                0x0000d45c                __init_array_end = .
                0x0000d45c                . = ALIGN (0x4)
 *crtbegin.o(.ctors)
 *(EXCLUDE_FILE(*crtend.o) .ctors)
 *(SORT(.ctors.*))
 *crtend.o(.ctors)
                0x0000d45c                . = ALIGN (0x4)
 *(.fini)
 .fini          0x0000d45c        0x4 c:/program files (x86)/atmel/studio/7.0/toolchain/arm/arm-gnu-toolchain/bin/../lib/gcc/arm-none-eabi/6.3.1/thumb/v6-m/crti.o
                0x0000d45c                _fini
 .fini          0x0000d460        0x8 c:/program files (x86)/atmel/studio/7.0/toolchain/arm/arm-gnu-toolchain/bin/../lib/gcc/arm-none-eabi/6.3.1/thumb/v6-m/crtn.o
                0x0000d468                . = ALIGN (0x4)
                0x0000d468                __fini_array_start = .
 *(.fini_array)
 .fini_array    0x0000d468        0x4 c:/program files (x86)/atmel/studio/7.0/toolchain/arm/arm-gnu-toolchain/bin/../lib/gcc/arm-none-eabi/6.3.1/thumb/v6-m/crtbegin.o
 *(SORT(.fini_array.*))
                0x0000d46c                __fini_array_end = .
 *crtbegin.o(.dtors)
 *(EXCLUDE_FILE(*crtend.o) .dtors)
 *(SORT(.dtors.*))
 *crtend.o(.dtors)
                0x0000d46c                . = ALIGN (0x4)
                0x0000d46c                _efixed = .
                [!provide]                PROVIDE (__exidx_start, .)

.vfp11_veneer   0x0000d46c        0x0
 .vfp11_veneer  0x0000d46c        0x0 linker stubs

.v4_bx          0x0000d46c        0x0
 .v4_bx         0x0000d46c        0x0 linker stubs

.iplt           0x0000d46c        0x0
 .iplt          0x0000d46c        0x0 c:/program files (x86)/atmel/studio/7.0/toolchain/arm/arm-gnu-toolchain/bin/../lib/gcc/arm-none-eabi/6.3.1/thumb/v6-m/crtbegin.o

.eh_frame       0x0000d46c        0x0
 .eh_frame      0x0000d46c        0x0 c:/program files (x86)/atmel/studio/7.0/toolchain/arm/arm-gnu-toolchain/bin/../lib/gcc/arm-none-eabi/6.3.1/thumb/v6-m/crtbegin.o

.rel.dyn        0x0000d46c        0x0
 .rel.iplt      0x0000d46c        0x0 c:/program files (x86)/atmel/studio/7.0/toolchain/arm/arm-gnu-toolchain/bin/../lib/gcc/arm-none-eabi/6.3.1/thumb/v6-m/crtbegin.o

.jcr            0x0000d46c        0x0
 .jcr           0x0000d46c        0x0 c:/program files (x86)/atmel/studio/7.0/toolchain/arm/arm-gnu-toolchain/bin/../lib/gcc/arm-none-eabi/6.3.1/thumb/v6-m/crtbegin.o

.igot.plt       0x0000d46c        0x0
 .igot.plt      0x0000d46c        0x0 c:/program files (x86)/atmel/studio/7.0/toolchain/arm/arm-gnu-toolchain/bin/../lib/gcc/arm-none-eabi/6.3.1/thumb/v6-m/crtbegin.o

.ARM.exidx
 *(.ARM.exidx* .gnu.linkonce.armexidx.*)
                [!provide]                PROVIDE (__exidx_end, .)
                0x0000d46c                . = ALIGN (0x4)
                0x0000d46c                _etext = .

.relocate       0x20000000       0xb8 load address 0x0000d46c
                0x20000000                . = ALIGN (0x4)
                0x20000000                _srelocate = .
 *(.ramfunc .ramfunc.*)
 *(.data .data.*)
 .data.cycles_per_ms
                0x20000000        0x4 src/ASF/common2/services/delay/sam0/systick_counter.o
 .data.cycles_per_us
                0x20000004        0x4 src/ASF/common2/services/delay/sam0/systick_counter.o
 .data.ss_pins  0x20000008        0x1 src/ASF/common2/components/memory/sd_mmc/sd_mmc_spi.o
                0x20000008                ss_pins
 .data.g_interrupt_enabled
                0x20000009        0x1 src/ASF/common/utils/interrupt/interrupt_sam_nvic.o
                0x20000009                g_interrupt_enabled
 *fill*         0x2000000a        0x2 
 .data.test_file_name
                0x2000000c       0x12 src/BootMain.o
                0x2000000c                test_file_name
 *fill*         0x2000001e        0x2 
 .data.test_bin_file
                0x20000020       0x10 src/BootMain.o
                0x20000020                test_bin_file
 .data.boot_file_name
                0x20000030       0x10 src/BootMain.o
                0x20000030                boot_file_name
 .data.boot_bin_file
                0x20000040       0x12 src/BootMain.o
                0x20000040                boot_bin_file
 *fill*         0x20000052        0x2 
 .data._impure_ptr
                0x20000054        0x4 c:/program files (x86)/atmel/studio/7.0/toolchain/arm/arm-gnu-toolchain/bin/../lib/gcc/arm-none-eabi/6.3.1/../../../../arm-none-eabi/lib/thumb/v6-m\libc_nano.a(lib_a-impure.o)
                0x20000054                _impure_ptr
 .data.impure_data
                0x20000058       0x60 c:/program files (x86)/atmel/studio/7.0/toolchain/arm/arm-gnu-toolchain/bin/../lib/gcc/arm-none-eabi/6.3.1/../../../../arm-none-eabi/lib/thumb/v6-m\libc_nano.a(lib_a-impure.o)
                0x200000b8                . = ALIGN (0x4)
                0x200000b8                _erelocate = .

.bss            0x200000b8      0xc28 load address 0x0000d524
                0x200000b8                . = ALIGN (0x4)
                0x200000b8                _sbss = .
                0x200000b8                _szero = .
 *(.bss .bss.*)
 .bss           0x200000b8       0x1c c:/program files (x86)/atmel/studio/7.0/toolchain/arm/arm-gnu-toolchain/bin/../lib/gcc/arm-none-eabi/6.3.1/thumb/v6-m/crtbegin.o
 .bss.ul_tickcount
                0x200000d4        0x4 src/Systick/Systick.o
 .bss._nvm_dev  0x200000d8        0x6 src/ASF/sam0/drivers/nvm/nvm.o
 *fill*         0x200000de        0x2 
 .bss.sd_mmc_cards
                0x200000e0       0x20 src/ASF/common2/components/memory/sd_mmc/sd_mmc.o
 .bss.sd_mmc_slot_sel
                0x20000100        0x1 src/ASF/common2/components/memory/sd_mmc/sd_mmc.o
 *fill*         0x20000101        0x3 
 .bss.sd_mmc_card
                0x20000104        0x4 src/ASF/common2/components/memory/sd_mmc/sd_mmc.o
 .bss.sd_mmc_nb_block_to_tranfer
                0x20000108        0x2 src/ASF/common2/components/memory/sd_mmc/sd_mmc.o
 .bss.sd_mmc_nb_block_remaining
                0x2000010a        0x2 src/ASF/common2/components/memory/sd_mmc/sd_mmc.o
 .bss.sd_mmc_ejected
                0x2000010c        0x2 src/ASF/common2/components/memory/sd_mmc/sd_mmc_mem.o
 *fill*         0x2000010e        0x2 
 .bss.sd_mmc_master
                0x20000110       0x3c src/ASF/common2/components/memory/sd_mmc/sd_mmc_spi.o
 .bss.sd_mmc_spi_devices
                0x2000014c        0x3 src/ASF/common2/components/memory/sd_mmc/sd_mmc_spi.o
 *fill*         0x2000014f        0x1 
 .bss.slave_configs
                0x20000150        0x3 src/ASF/common2/components/memory/sd_mmc/sd_mmc_spi.o
 .bss.sd_mmc_spi_err
                0x20000153        0x1 src/ASF/common2/components/memory/sd_mmc/sd_mmc_spi.o
 .bss.sd_mmc_spi_response_32
                0x20000154        0x4 src/ASF/common2/components/memory/sd_mmc/sd_mmc_spi.o
 .bss.sd_mmc_spi_transfert_pos
                0x20000158        0x4 src/ASF/common2/components/memory/sd_mmc/sd_mmc_spi.o
 .bss.sd_mmc_spi_block_size
                0x2000015c        0x2 src/ASF/common2/components/memory/sd_mmc/sd_mmc_spi.o
 .bss.sd_mmc_spi_nb_block
                0x2000015e        0x2 src/ASF/common2/components/memory/sd_mmc/sd_mmc_spi.o
 .bss.cpu_irq_critical_section_counter
                0x20000160        0x4 src/ASF/common/utils/interrupt/interrupt_sam_nvic.o
 .bss.cpu_irq_prev_interrupt_state
                0x20000164        0x1 src/ASF/common/utils/interrupt/interrupt_sam_nvic.o
 *fill*         0x20000165        0x3 
 .bss._sercom_config
                0x20000168        0x2 src/ASF/sam0/drivers/sercom/sercom.o
 .bss._handler_table_initialized
                0x2000016a        0x1 src/ASF/sam0/drivers/sercom/sercom_interrupt.o
 *fill*         0x2000016b        0x1 
 .bss._sercom_interrupt_handlers
                0x2000016c       0x18 src/ASF/sam0/drivers/sercom/sercom_interrupt.o
 .bss._system_clock_inst
                0x20000184       0x18 src/ASF/sam0/drivers/system/clock/clock_samd21_r21_da_ha1/clock.o
 .bss.heap.5296
                0x2000019c        0x4 src/ASF/sam0/utils/syscalls/gcc/syscalls.o
 .bss.FatFs     0x200001a0        0x4 src/ASF/thirdparty/fatfs/fatfs-r0.09/src/ff.o
 .bss.Fsid      0x200001a4        0x2 src/ASF/thirdparty/fatfs/fatfs-r0.09/src/ff.o
 *fill*         0x200001a6        0x2 
 .bss.__malloc_free_list
                0x200001a8        0x4 c:/program files (x86)/atmel/studio/7.0/toolchain/arm/arm-gnu-toolchain/bin/../lib/gcc/arm-none-eabi/6.3.1/../../../../arm-none-eabi/lib/thumb/v6-m\libc_nano.a(lib_a-nano-mallocr.o)
                0x200001a8                __malloc_free_list
 .bss.__malloc_sbrk_start
                0x200001ac        0x4 c:/program files (x86)/atmel/studio/7.0/toolchain/arm/arm-gnu-toolchain/bin/../lib/gcc/arm-none-eabi/6.3.1/../../../../arm-none-eabi/lib/thumb/v6-m\libc_nano.a(lib_a-nano-mallocr.o)
                0x200001ac                __malloc_sbrk_start
 *(COMMON)
 COMMON         0x200001b0      0x844 src/SerialConsole/SerialConsole.o
                0x200001b0                usart_instance
                0x200001e4                cbufRx
                0x200001e8                latestRx
                0x200001ec                txCharacterBuffer
                0x200005ec                rxCharacterBuffer
                0x200009ec                latestTx
                0x200009f0                cbufTx
 COMMON         0x200009f4        0x4 src/ASF/sam0/drivers/rtc/rtc_sam_d_r_h/rtc_calendar.o
                0x200009f4                _rtc_instance
 COMMON         0x200009f8       0x18 src/ASF/sam0/drivers/sercom/sercom_interrupt.o
                0x200009f8                _sercom_instances
 COMMON         0x20000a10        0x2 src/ASF/sam0/drivers/sercom/spi/spi_interrupt.o
                0x20000a10                dummy_write
 *fill*         0x20000a12        0x2 
 COMMON         0x20000a14        0x4 src/ASF/sam0/utils/stdio/read.o
                0x20000a14                ptr_get
 COMMON         0x20000a18        0x8 src/ASF/sam0/utils/stdio/write.o
                0x20000a18                ptr_put
                0x20000a1c                stdio_base
 COMMON         0x20000a20        0x8 src/ASF/thirdparty/fatfs/fatfs-port-r0.09/diskio.o
                0x20000a20                rtc_instance
 COMMON         0x20000a28      0x2b1 src/BootMain.o
                0x20000a28                fs
                0x20000c58                file_object
                0x20000c7c                file_object_boot
                0x20000ca0                cdc_uart_module
                0x20000cd4                resB
                0x20000cd5                resA
                0x20000cd6                boot_res
                0x20000cd7                res
                0x20000cd8                status
 *fill*         0x20000cd9        0x3 
 COMMON         0x20000cdc        0x4 c:/program files (x86)/atmel/studio/7.0/toolchain/arm/arm-gnu-toolchain/bin/../lib/gcc/arm-none-eabi/6.3.1/../../../../arm-none-eabi/lib/thumb/v6-m\libc_nano.a(lib_a-reent.o)
                0x20000cdc                errno
                0x20000ce0                . = ALIGN (0x4)
                0x20000ce0                _ebss = .
                0x20000ce0                _ezero = .

.stack          0x20000ce0     0x2000 load address 0x0000e14c
                0x20000ce0                . = ALIGN (0x8)
                0x20000ce0                _sstack = .
                0x20002ce0                . = (. + STACK_SIZE)
 *fill*         0x20000ce0     0x2000 
                0x20002ce0                . = ALIGN (0x8)
                0x20002ce0                _estack = .
                0x20002ce0                . = ALIGN (0x4)
                0x20002ce0                _end = .
OUTPUT(Bootloader.elf elf32-littlearm)

.ARM.attributes
                0x00000000       0x28
 .ARM.attributes
                0x00000000       0x1e c:/program files (x86)/atmel/studio/7.0/toolchain/arm/arm-gnu-toolchain/bin/../lib/gcc/arm-none-eabi/6.3.1/thumb/v6-m/crti.o
 .ARM.attributes
                0x0000001e       0x2c c:/program files (x86)/atmel/studio/7.0/toolchain/arm/arm-gnu-toolchain/bin/../lib/gcc/arm-none-eabi/6.3.1/thumb/v6-m/crtbegin.o
 .ARM.attributes
                0x0000004a       0x32 src/ASF/common2/services/delay/sam0/systick_counter.o
 .ARM.attributes
                0x0000007c       0x32 src/Systick/Systick.o
 .ARM.attributes
                0x000000ae       0x32 src/ASF/sam0/boards/board_init.o
 .ARM.attributes
                0x000000e0       0x32 src/ASF/sam0/drivers/dsu/crc32/crc32.o
 .ARM.attributes
                0x00000112       0x32 src/ASF/sam0/drivers/nvm/nvm.o
 .ARM.attributes
                0x00000144       0x32 src/ASF/sam0/drivers/pac/pac_sam_d_r_h/pac.o
 .ARM.attributes
                0x00000176       0x32 src/SD Card/SdCard.o
 .ARM.attributes
                0x000001a8       0x32 src/SerialConsole/circular_buffer.o
 .ARM.attributes
                0x000001da       0x32 src/SerialConsole/SerialConsole.o
 .ARM.attributes
                0x0000020c       0x32 src/ASF/common2/components/memory/sd_mmc/sd_mmc.o
 .ARM.attributes
                0x0000023e       0x32 src/ASF/common2/components/memory/sd_mmc/sd_mmc_mem.o
 .ARM.attributes
                0x00000270       0x32 src/ASF/common2/components/memory/sd_mmc/sd_mmc_spi.o
 .ARM.attributes
                0x000002a2       0x32 src/ASF/common/services/storage/ctrl_access/ctrl_access.o
 .ARM.attributes
                0x000002d4       0x32 src/ASF/common/utils/interrupt/interrupt_sam_nvic.o
 .ARM.attributes
                0x00000306       0x32 src/ASF/sam0/drivers/port/port.o
 .ARM.attributes
                0x00000338       0x32 src/ASF/sam0/drivers/rtc/rtc_sam_d_r_h/rtc_calendar.o
 .ARM.attributes
                0x0000036a       0x32 src/ASF/sam0/drivers/sercom/sercom.o
 .ARM.attributes
                0x0000039c       0x32 src/ASF/sam0/drivers/sercom/sercom_interrupt.o
 .ARM.attributes
                0x000003ce       0x32 src/ASF/sam0/drivers/sercom/spi/spi.o
 .ARM.attributes
                0x00000400       0x32 src/ASF/sam0/drivers/sercom/spi/spi_interrupt.o
 .ARM.attributes
                0x00000432       0x32 src/ASF/sam0/drivers/sercom/usart/usart.o
 .ARM.attributes
                0x00000464       0x32 src/ASF/sam0/drivers/sercom/usart/usart_interrupt.o
 .ARM.attributes
                0x00000496       0x32 src/ASF/sam0/drivers/system/clock/clock_samd21_r21_da_ha1/clock.o
 .ARM.attributes
                0x000004c8       0x32 src/ASF/sam0/drivers/system/clock/clock_samd21_r21_da_ha1/gclk.o
 .ARM.attributes
                0x000004fa       0x32 src/ASF/sam0/drivers/system/pinmux/pinmux.o
 .ARM.attributes
                0x0000052c       0x32 src/ASF/sam0/drivers/system/system.o
 .ARM.attributes
                0x0000055e       0x32 src/ASF/sam0/utils/cmsis/samd21/source/gcc/startup_samd21.o
 .ARM.attributes
                0x00000590       0x32 src/ASF/sam0/utils/stdio/read.o
 .ARM.attributes
                0x000005c2       0x32 src/ASF/sam0/utils/stdio/write.o
 .ARM.attributes
                0x000005f4       0x32 src/ASF/sam0/utils/syscalls/gcc/syscalls.o
 .ARM.attributes
                0x00000626       0x32 src/ASF/thirdparty/fatfs/fatfs-port-r0.09/diskio.o
 .ARM.attributes
                0x00000658       0x32 src/ASF/thirdparty/fatfs/fatfs-port-r0.09/sam0/fattime_rtc.o
 .ARM.attributes
                0x0000068a       0x32 src/ASF/thirdparty/fatfs/fatfs-r0.09/src/ff.o
 .ARM.attributes
                0x000006bc       0x32 src/ASF/thirdparty/fatfs/fatfs-r0.09/src/option/ccsbcs.o
 .ARM.attributes
                0x000006ee       0x32 src/BootMain.o
 .ARM.attributes
                0x00000720       0x1e c:/program files (x86)/atmel/studio/7.0/toolchain/arm/arm-gnu-toolchain/bin/../lib/gcc/arm-none-eabi/6.3.1/thumb/v6-m\libgcc.a(_udivsi3.o)
 .ARM.attributes
                0x0000073e       0x1e c:/program files (x86)/atmel/studio/7.0/toolchain/arm/arm-gnu-toolchain/bin/../lib/gcc/arm-none-eabi/6.3.1/thumb/v6-m\libgcc.a(_divsi3.o)
 .ARM.attributes
                0x0000075c       0x1e c:/program files (x86)/atmel/studio/7.0/toolchain/arm/arm-gnu-toolchain/bin/../lib/gcc/arm-none-eabi/6.3.1/thumb/v6-m\libgcc.a(_dvmd_tls.o)
 .ARM.attributes
                0x0000077a       0x2c c:/program files (x86)/atmel/studio/7.0/toolchain/arm/arm-gnu-toolchain/bin/../lib/gcc/arm-none-eabi/6.3.1/thumb/v6-m\libgcc.a(_muldi3.o)
 .ARM.attributes
                0x000007a6       0x2c c:/program files (x86)/atmel/studio/7.0/toolchain/arm/arm-gnu-toolchain/bin/../lib/gcc/arm-none-eabi/6.3.1/../../../../arm-none-eabi/lib/thumb/v6-m\libc_nano.a(lib_a-impure.o)
 .ARM.attributes
                0x000007d2       0x2c c:/program files (x86)/atmel/studio/7.0/toolchain/arm/arm-gnu-toolchain/bin/../lib/gcc/arm-none-eabi/6.3.1/../../../../arm-none-eabi/lib/thumb/v6-m\libc_nano.a(lib_a-init.o)
 .ARM.attributes
                0x000007fe       0x2c c:/program files (x86)/atmel/studio/7.0/toolchain/arm/arm-gnu-toolchain/bin/../lib/gcc/arm-none-eabi/6.3.1/../../../../arm-none-eabi/lib/thumb/v6-m\libc_nano.a(lib_a-malloc.o)
 .ARM.attributes
                0x0000082a       0x2c c:/program files (x86)/atmel/studio/7.0/toolchain/arm/arm-gnu-toolchain/bin/../lib/gcc/arm-none-eabi/6.3.1/../../../../arm-none-eabi/lib/thumb/v6-m\libc_nano.a(lib_a-memcpy-stub.o)
 .ARM.attributes
                0x00000856       0x2c c:/program files (x86)/atmel/studio/7.0/toolchain/arm/arm-gnu-toolchain/bin/../lib/gcc/arm-none-eabi/6.3.1/../../../../arm-none-eabi/lib/thumb/v6-m\libc_nano.a(lib_a-memset.o)
 .ARM.attributes
                0x00000882       0x2c c:/program files (x86)/atmel/studio/7.0/toolchain/arm/arm-gnu-toolchain/bin/../lib/gcc/arm-none-eabi/6.3.1/../../../../arm-none-eabi/lib/thumb/v6-m\libc_nano.a(lib_a-nano-freer.o)
 .ARM.attributes
                0x000008ae       0x2c c:/program files (x86)/atmel/studio/7.0/toolchain/arm/arm-gnu-toolchain/bin/../lib/gcc/arm-none-eabi/6.3.1/../../../../arm-none-eabi/lib/thumb/v6-m\libc_nano.a(lib_a-nano-mallocr.o)
 .ARM.attributes
                0x000008da       0x2c c:/program files (x86)/atmel/studio/7.0/toolchain/arm/arm-gnu-toolchain/bin/../lib/gcc/arm-none-eabi/6.3.1/../../../../arm-none-eabi/lib/thumb/v6-m\libc_nano.a(lib_a-sbrkr.o)
 .ARM.attributes
                0x00000906       0x2c c:/program files (x86)/atmel/studio/7.0/toolchain/arm/arm-gnu-toolchain/bin/../lib/gcc/arm-none-eabi/6.3.1/../../../../arm-none-eabi/lib/thumb/v6-m\libc_nano.a(lib_a-setbuf.o)
 .ARM.attributes
                0x00000932       0x2c c:/program files (x86)/atmel/studio/7.0/toolchain/arm/arm-gnu-toolchain/bin/../lib/gcc/arm-none-eabi/6.3.1/../../../../arm-none-eabi/lib/thumb/v6-m\libc_nano.a(lib_a-setvbuf.o)
 .ARM.attributes
                0x0000095e       0x2c c:/program files (x86)/atmel/studio/7.0/toolchain/arm/arm-gnu-toolchain/bin/../lib/gcc/arm-none-eabi/6.3.1/../../../../arm-none-eabi/lib/thumb/v6-m\libc_nano.a(lib_a-snprintf.o)
 .ARM.attributes
                0x0000098a       0x1c c:/program files (x86)/atmel/studio/7.0/toolchain/arm/arm-gnu-toolchain/bin/../lib/gcc/arm-none-eabi/6.3.1/../../../../arm-none-eabi/lib/thumb/v6-m\libc_nano.a(lib_a-strlen.o)
 .ARM.attributes
                0x000009a6       0x2c c:/program files (x86)/atmel/studio/7.0/toolchain/arm/arm-gnu-toolchain/bin/../lib/gcc/arm-none-eabi/6.3.1/../../../../arm-none-eabi/lib/thumb/v6-m\libc_nano.a(lib_a-fflush.o)
 .ARM.attributes
                0x000009d2       0x2c c:/program files (x86)/atmel/studio/7.0/toolchain/arm/arm-gnu-toolchain/bin/../lib/gcc/arm-none-eabi/6.3.1/../../../../arm-none-eabi/lib/thumb/v6-m\libc_nano.a(lib_a-findfp.o)
 .ARM.attributes
                0x000009fe       0x2c c:/program files (x86)/atmel/studio/7.0/toolchain/arm/arm-gnu-toolchain/bin/../lib/gcc/arm-none-eabi/6.3.1/../../../../arm-none-eabi/lib/thumb/v6-m\libc_nano.a(lib_a-fwalk.o)
 .ARM.attributes
                0x00000a2a       0x2c c:/program files (x86)/atmel/studio/7.0/toolchain/arm/arm-gnu-toolchain/bin/../lib/gcc/arm-none-eabi/6.3.1/../../../../arm-none-eabi/lib/thumb/v6-m\libc_nano.a(lib_a-makebuf.o)
 .ARM.attributes
                0x00000a56       0x2c c:/program files (x86)/atmel/studio/7.0/toolchain/arm/arm-gnu-toolchain/bin/../lib/gcc/arm-none-eabi/6.3.1/../../../../arm-none-eabi/lib/thumb/v6-m\libc_nano.a(lib_a-mlock.o)
 .ARM.attributes
                0x00000a82       0x2c c:/program files (x86)/atmel/studio/7.0/toolchain/arm/arm-gnu-toolchain/bin/../lib/gcc/arm-none-eabi/6.3.1/../../../../arm-none-eabi/lib/thumb/v6-m\libc_nano.a(lib_a-nano-svfprintf.o)
 .ARM.attributes
                0x00000aae       0x2c c:/program files (x86)/atmel/studio/7.0/toolchain/arm/arm-gnu-toolchain/bin/../lib/gcc/arm-none-eabi/6.3.1/../../../../arm-none-eabi/lib/thumb/v6-m\libc_nano.a(lib_a-nano-vfprintf_i.o)
 .ARM.attributes
                0x00000ada       0x2c c:/program files (x86)/atmel/studio/7.0/toolchain/arm/arm-gnu-toolchain/bin/../lib/gcc/arm-none-eabi/6.3.1/../../../../arm-none-eabi/lib/thumb/v6-m\libc_nano.a(lib_a-reent.o)
 .ARM.attributes
                0x00000b06       0x2c c:/program files (x86)/atmel/studio/7.0/toolchain/arm/arm-gnu-toolchain/bin/../lib/gcc/arm-none-eabi/6.3.1/../../../../arm-none-eabi/lib/thumb/v6-m\libc_nano.a(lib_a-stdio.o)
 .ARM.attributes
                0x00000b32       0x2c c:/program files (x86)/atmel/studio/7.0/toolchain/arm/arm-gnu-toolchain/bin/../lib/gcc/arm-none-eabi/6.3.1/../../../../arm-none-eabi/lib/thumb/v6-m\libc_nano.a(lib_a-writer.o)
 .ARM.attributes
                0x00000b5e       0x2c c:/program files (x86)/atmel/studio/7.0/toolchain/arm/arm-gnu-toolchain/bin/../lib/gcc/arm-none-eabi/6.3.1/../../../../arm-none-eabi/lib/thumb/v6-m\libc_nano.a(lib_a-closer.o)
 .ARM.attributes
                0x00000b8a       0x2c c:/program files (x86)/atmel/studio/7.0/toolchain/arm/arm-gnu-toolchain/bin/../lib/gcc/arm-none-eabi/6.3.1/../../../../arm-none-eabi/lib/thumb/v6-m\libc_nano.a(lib_a-fstatr.o)
 .ARM.attributes
                0x00000bb6       0x2c c:/program files (x86)/atmel/studio/7.0/toolchain/arm/arm-gnu-toolchain/bin/../lib/gcc/arm-none-eabi/6.3.1/../../../../arm-none-eabi/lib/thumb/v6-m\libc_nano.a(lib_a-lseekr.o)
 .ARM.attributes
                0x00000be2       0x2c c:/program files (x86)/atmel/studio/7.0/toolchain/arm/arm-gnu-toolchain/bin/../lib/gcc/arm-none-eabi/6.3.1/../../../../arm-none-eabi/lib/thumb/v6-m\libc_nano.a(lib_a-memchr-stub.o)
 .ARM.attributes
                0x00000c0e       0x2c c:/program files (x86)/atmel/studio/7.0/toolchain/arm/arm-gnu-toolchain/bin/../lib/gcc/arm-none-eabi/6.3.1/../../../../arm-none-eabi/lib/thumb/v6-m\libc_nano.a(lib_a-memmove.o)
 .ARM.attributes
                0x00000c3a       0x2c c:/program files (x86)/atmel/studio/7.0/toolchain/arm/arm-gnu-toolchain/bin/../lib/gcc/arm-none-eabi/6.3.1/../../../../arm-none-eabi/lib/thumb/v6-m\libc_nano.a(lib_a-nano-reallocr.o)
 .ARM.attributes
                0x00000c66       0x2c c:/program files (x86)/atmel/studio/7.0/toolchain/arm/arm-gnu-toolchain/bin/../lib/gcc/arm-none-eabi/6.3.1/../../../../arm-none-eabi/lib/thumb/v6-m\libc_nano.a(lib_a-readr.o)
 .ARM.attributes
                0x00000c92       0x2c c:/program files (x86)/atmel/studio/7.0/toolchain/arm/arm-gnu-toolchain/bin/../lib/gcc/arm-none-eabi/6.3.1/../../../../arm-none-eabi/lib/thumb/v6-m\libc_nano.a(lib_a-nano-msizer.o)
 .ARM.attributes
                0x00000cbe       0x1e c:/program files (x86)/atmel/studio/7.0/toolchain/arm/arm-gnu-toolchain/bin/../lib/gcc/arm-none-eabi/6.3.1/thumb/v6-m/crtn.o

.comment        0x00000000       0x59
 .comment       0x00000000       0x59 src/ASF/common2/services/delay/sam0/systick_counter.o
                                 0x5a (size before relaxing)
 .comment       0x00000059       0x5a src/Systick/Systick.o
 .comment       0x00000059       0x5a src/ASF/sam0/boards/board_init.o
 .comment       0x00000059       0x5a src/ASF/sam0/drivers/dsu/crc32/crc32.o
 .comment       0x00000059       0x5a src/ASF/sam0/drivers/nvm/nvm.o
 .comment       0x00000059       0x5a src/ASF/sam0/drivers/pac/pac_sam_d_r_h/pac.o
 .comment       0x00000059       0x5a src/SD Card/SdCard.o
 .comment       0x00000059       0x5a src/SerialConsole/circular_buffer.o
 .comment       0x00000059       0x5a src/SerialConsole/SerialConsole.o
 .comment       0x00000059       0x5a src/ASF/common2/components/memory/sd_mmc/sd_mmc.o
 .comment       0x00000059       0x5a src/ASF/common2/components/memory/sd_mmc/sd_mmc_mem.o
 .comment       0x00000059       0x5a src/ASF/common2/components/memory/sd_mmc/sd_mmc_spi.o
 .comment       0x00000059       0x5a src/ASF/common/services/storage/ctrl_access/ctrl_access.o
 .comment       0x00000059       0x5a src/ASF/common/utils/interrupt/interrupt_sam_nvic.o
 .comment       0x00000059       0x5a src/ASF/sam0/drivers/port/port.o
 .comment       0x00000059       0x5a src/ASF/sam0/drivers/rtc/rtc_sam_d_r_h/rtc_calendar.o
 .comment       0x00000059       0x5a src/ASF/sam0/drivers/sercom/sercom.o
 .comment       0x00000059       0x5a src/ASF/sam0/drivers/sercom/sercom_interrupt.o
 .comment       0x00000059       0x5a src/ASF/sam0/drivers/sercom/spi/spi.o
 .comment       0x00000059       0x5a src/ASF/sam0/drivers/sercom/spi/spi_interrupt.o
 .comment       0x00000059       0x5a src/ASF/sam0/drivers/sercom/usart/usart.o
 .comment       0x00000059       0x5a src/ASF/sam0/drivers/sercom/usart/usart_interrupt.o
 .comment       0x00000059       0x5a src/ASF/sam0/drivers/system/clock/clock_samd21_r21_da_ha1/clock.o
 .comment       0x00000059       0x5a src/ASF/sam0/drivers/system/clock/clock_samd21_r21_da_ha1/gclk.o
 .comment       0x00000059       0x5a src/ASF/sam0/drivers/system/pinmux/pinmux.o
 .comment       0x00000059       0x5a src/ASF/sam0/drivers/system/system.o
 .comment       0x00000059       0x5a src/ASF/sam0/utils/cmsis/samd21/source/gcc/startup_samd21.o
 .comment       0x00000059       0x5a src/ASF/sam0/utils/stdio/read.o
 .comment       0x00000059       0x5a src/ASF/sam0/utils/stdio/write.o
 .comment       0x00000059       0x5a src/ASF/sam0/utils/syscalls/gcc/syscalls.o
 .comment       0x00000059       0x5a src/ASF/thirdparty/fatfs/fatfs-port-r0.09/diskio.o
 .comment       0x00000059       0x5a src/ASF/thirdparty/fatfs/fatfs-port-r0.09/sam0/fattime_rtc.o
 .comment       0x00000059       0x5a src/ASF/thirdparty/fatfs/fatfs-r0.09/src/ff.o
 .comment       0x00000059       0x5a src/ASF/thirdparty/fatfs/fatfs-r0.09/src/option/ccsbcs.o
 .comment       0x00000059       0x5a src/BootMain.o

.debug_info     0x00000000    0x4d851
 .debug_info    0x00000000      0xb60 src/ASF/common2/services/delay/sam0/systick_counter.o
 .debug_info    0x00000b60     0x2db2 src/Systick/Systick.o
 .debug_info    0x00003912     0x12a7 src/ASF/sam0/boards/board_init.o
 .debug_info    0x00004bb9     0x1668 src/ASF/sam0/drivers/dsu/crc32/crc32.o